###############################################################################
#
# IAR ELF Linker V8.32.1.169/W32 for ARM                  07/Sep/2020  15:56:32
# Copyright 2007-2018 IAR Systems AB.
#
#    Output file  =  
#        C:\PRJ\STM32F429_FreeRTOS_MCU0\EWARM\STM32F429_FreeRTOS_DEMO\Exe\STM32F429_FreeRTOS_DEMO.out
#    Map file     =  
#        C:\PRJ\STM32F429_FreeRTOS_MCU0\EWARM\STM32F429_FreeRTOS_DEMO\List\STM32F429_FreeRTOS_DEMO.map
#    Command line =  
#        -f C:\Users\LJH\AppData\Local\Temp\EWDAE4.tmp
#        (C:\PRJ\STM32F429_FreeRTOS_MCU0\EWARM\STM32F429_FreeRTOS_DEMO\Obj\cmsis_os2.o
#        C:\PRJ\STM32F429_FreeRTOS_MCU0\EWARM\STM32F429_FreeRTOS_DEMO\Obj\croutine.o
#        C:\PRJ\STM32F429_FreeRTOS_MCU0\EWARM\STM32F429_FreeRTOS_DEMO\Obj\event_groups.o
#        C:\PRJ\STM32F429_FreeRTOS_MCU0\EWARM\STM32F429_FreeRTOS_DEMO\Obj\exti.o
#        C:\PRJ\STM32F429_FreeRTOS_MCU0\EWARM\STM32F429_FreeRTOS_DEMO\Obj\freertos.o
#        C:\PRJ\STM32F429_FreeRTOS_MCU0\EWARM\STM32F429_FreeRTOS_DEMO\Obj\GlobalData.o
#        C:\PRJ\STM32F429_FreeRTOS_MCU0\EWARM\STM32F429_FreeRTOS_DEMO\Obj\gpio.o
#        C:\PRJ\STM32F429_FreeRTOS_MCU0\EWARM\STM32F429_FreeRTOS_DEMO\Obj\heap_4.o
#        C:\PRJ\STM32F429_FreeRTOS_MCU0\EWARM\STM32F429_FreeRTOS_DEMO\Obj\list.o
#        C:\PRJ\STM32F429_FreeRTOS_MCU0\EWARM\STM32F429_FreeRTOS_DEMO\Obj\main.o
#        C:\PRJ\STM32F429_FreeRTOS_MCU0\EWARM\STM32F429_FreeRTOS_DEMO\Obj\port.o
#        C:\PRJ\STM32F429_FreeRTOS_MCU0\EWARM\STM32F429_FreeRTOS_DEMO\Obj\portasm.o
#        C:\PRJ\STM32F429_FreeRTOS_MCU0\EWARM\STM32F429_FreeRTOS_DEMO\Obj\queue.o
#        C:\PRJ\STM32F429_FreeRTOS_MCU0\EWARM\STM32F429_FreeRTOS_DEMO\Obj\redefineprintf.o
#        C:\PRJ\STM32F429_FreeRTOS_MCU0\EWARM\STM32F429_FreeRTOS_DEMO\Obj\RobotComm.o
#        C:\PRJ\STM32F429_FreeRTOS_MCU0\EWARM\STM32F429_FreeRTOS_DEMO\Obj\spi.o
#        C:\PRJ\STM32F429_FreeRTOS_MCU0\EWARM\STM32F429_FreeRTOS_DEMO\Obj\startup_stm32f429xx.o
#        C:\PRJ\STM32F429_FreeRTOS_MCU0\EWARM\STM32F429_FreeRTOS_DEMO\Obj\stm32f4xx_hal.o
#        C:\PRJ\STM32F429_FreeRTOS_MCU0\EWARM\STM32F429_FreeRTOS_DEMO\Obj\stm32f4xx_hal_cortex.o
#        C:\PRJ\STM32F429_FreeRTOS_MCU0\EWARM\STM32F429_FreeRTOS_DEMO\Obj\stm32f4xx_hal_dma.o
#        C:\PRJ\STM32F429_FreeRTOS_MCU0\EWARM\STM32F429_FreeRTOS_DEMO\Obj\stm32f4xx_hal_dma_ex.o
#        C:\PRJ\STM32F429_FreeRTOS_MCU0\EWARM\STM32F429_FreeRTOS_DEMO\Obj\stm32f4xx_hal_exti.o
#        C:\PRJ\STM32F429_FreeRTOS_MCU0\EWARM\STM32F429_FreeRTOS_DEMO\Obj\stm32f4xx_hal_flash.o
#        C:\PRJ\STM32F429_FreeRTOS_MCU0\EWARM\STM32F429_FreeRTOS_DEMO\Obj\stm32f4xx_hal_flash_ex.o
#        C:\PRJ\STM32F429_FreeRTOS_MCU0\EWARM\STM32F429_FreeRTOS_DEMO\Obj\stm32f4xx_hal_flash_ramfunc.o
#        C:\PRJ\STM32F429_FreeRTOS_MCU0\EWARM\STM32F429_FreeRTOS_DEMO\Obj\stm32f4xx_hal_gpio.o
#        C:\PRJ\STM32F429_FreeRTOS_MCU0\EWARM\STM32F429_FreeRTOS_DEMO\Obj\stm32f4xx_hal_msp.o
#        C:\PRJ\STM32F429_FreeRTOS_MCU0\EWARM\STM32F429_FreeRTOS_DEMO\Obj\stm32f4xx_hal_pwr.o
#        C:\PRJ\STM32F429_FreeRTOS_MCU0\EWARM\STM32F429_FreeRTOS_DEMO\Obj\stm32f4xx_hal_pwr_ex.o
#        C:\PRJ\STM32F429_FreeRTOS_MCU0\EWARM\STM32F429_FreeRTOS_DEMO\Obj\stm32f4xx_hal_rcc.o
#        C:\PRJ\STM32F429_FreeRTOS_MCU0\EWARM\STM32F429_FreeRTOS_DEMO\Obj\stm32f4xx_hal_rcc_ex.o
#        C:\PRJ\STM32F429_FreeRTOS_MCU0\EWARM\STM32F429_FreeRTOS_DEMO\Obj\stm32f4xx_hal_spi.o
#        C:\PRJ\STM32F429_FreeRTOS_MCU0\EWARM\STM32F429_FreeRTOS_DEMO\Obj\stm32f4xx_hal_tim.o
#        C:\PRJ\STM32F429_FreeRTOS_MCU0\EWARM\STM32F429_FreeRTOS_DEMO\Obj\stm32f4xx_hal_tim_ex.o
#        C:\PRJ\STM32F429_FreeRTOS_MCU0\EWARM\STM32F429_FreeRTOS_DEMO\Obj\stm32f4xx_hal_timebase_tim.o
#        C:\PRJ\STM32F429_FreeRTOS_MCU0\EWARM\STM32F429_FreeRTOS_DEMO\Obj\stm32f4xx_hal_uart.o
#        C:\PRJ\STM32F429_FreeRTOS_MCU0\EWARM\STM32F429_FreeRTOS_DEMO\Obj\stm32f4xx_it.o
#        C:\PRJ\STM32F429_FreeRTOS_MCU0\EWARM\STM32F429_FreeRTOS_DEMO\Obj\stream_buffer.o
#        C:\PRJ\STM32F429_FreeRTOS_MCU0\EWARM\STM32F429_FreeRTOS_DEMO\Obj\system_stm32f4xx.o
#        C:\PRJ\STM32F429_FreeRTOS_MCU0\EWARM\STM32F429_FreeRTOS_DEMO\Obj\tasks.o
#        C:\PRJ\STM32F429_FreeRTOS_MCU0\EWARM\STM32F429_FreeRTOS_DEMO\Obj\timers.o
#        C:\PRJ\STM32F429_FreeRTOS_MCU0\EWARM\STM32F429_FreeRTOS_DEMO\Obj\UpperComm.o
#        C:\PRJ\STM32F429_FreeRTOS_MCU0\EWARM\STM32F429_FreeRTOS_DEMO\Obj\usart.o
#        --redirect _Printf=_PrintfFull --redirect _Scanf=_ScanfFull
#        --no_out_extension -o
#        C:\PRJ\STM32F429_FreeRTOS_MCU0\EWARM\STM32F429_FreeRTOS_DEMO\Exe\STM32F429_FreeRTOS_DEMO.out
#        --map
#        C:\PRJ\STM32F429_FreeRTOS_MCU0\EWARM\STM32F429_FreeRTOS_DEMO\List\STM32F429_FreeRTOS_DEMO.map
#        --config C:\PRJ\STM32F429_FreeRTOS_MCU0\EWARM/stm32f429xx_flash.icf
#        --semihosting --entry __iar_program_start --vfe --text_out locale)
#
###############################################################################

*******************************************************************************
*** RUNTIME MODEL ATTRIBUTES
***

CppFlavor       = *
__Heap_Handler  = DLMalloc
__SystemLibrary = DLib
__dlib_version  = 6


*******************************************************************************
*** HEAP SELECTION
***

The advanced heap was selected because the application calls memory
allocation functions outside of system library functions, and there
are calls to deallocation functions in the application.


*******************************************************************************
*** PLACEMENT SUMMARY
***

"A0":  place at 0x800'0000 { ro section .intvec };
"P1":  place in [from 0x800'0000 to 0x81f'ffff] { ro };
define block CSTACK with size = 1K, alignment = 8 { };
define block HEAP with size = 512, alignment = 8 { };
"P2":  place in [from 0x2000'0000 to 0x2002'ffff] {
          rw, block CSTACK, block HEAP };
initialize by copy { rw };

  Section            Kind         Address    Size  Object
  -------            ----         -------    ----  ------
"A0":                                       0x1ac
  .intvec            ro code   0x800'0000   0x1ac  startup_stm32f429xx.o [1]
                             - 0x800'01ac   0x1ac

"P1":                                      0x8e9b
  .text              ro code   0x800'01ac  0x14e0  dlmalloc.o [2]
  .text              ro code   0x800'168c     0x6  abort.o [2]
  .text              ro code   0x800'1692    0x7a  lz77_init_single.o [4]
  .text              ro code   0x800'170c    0x2c  xgetmemchunk.o [2]
  .text              ro code   0x800'1738    0x14  exit.o [5]
  .text              ro code   0x800'174c   0xf46  xprintffull.o [2]
  .text              ro code   0x800'2692    0x3a  zero_init3.o [4]
  .text              ro code   0x800'26cc    0xa4  xlocale_c.o [2]
  .text              ro code   0x800'2770    0x16  strchr.o [4]
  .text              ro code   0x800'2786    0x1e  xencoding_8859_1.o [2]
  .text              ro code   0x800'27a4    0x40  xfail_s.o [2]
  .text              ro code   0x800'27e4    0x36  strlen.o [4]
  .text              ro code   0x800'281a     0xa  xsprout.o [2]
  .text              ro code   0x800'2824    0x58  memchr.o [4]
  .text              ro code   0x800'287c     0xa  xmbcurmax.o [2]
  .rodata            const     0x800'2886     0x1  UpperComm.o [1]
  .text              ro code   0x800'2888    0xa6  ABImemcpy.o [4]
  .text              ro code   0x800'2930   0x230  I64DivMod.o [4]
  .text              ro code   0x800'2b60   0x1a2  DblMul.o [3]
  .text              ro code   0x800'2d04    0x70  frexp.o [3]
  .text              ro code   0x800'2d74    0x2e  DblCmpLe.o [3]
  .text              ro code   0x800'2da4    0x2e  DblCmpGe.o [3]
  .text              ro code   0x800'2dd4   0x13a  ldexp.o [3]
  .text              ro code   0x800'2f10    0x3a  DblToS32.o [3]
  .text              ro code   0x800'2f4c    0x22  S32ToDbl.o [3]
  .text              ro code   0x800'2f70    0xe2  DblSub.o [3]
  .text              ro code   0x800'3054   0x246  DblDiv.o [3]
  .text              ro code   0x800'329c    0x28  DblToU32.o [3]
  .text              ro code   0x800'32c4    0x1a  U32ToDbl.o [3]
  .text              ro code   0x800'32e0     0x2  I64DivZer.o [4]
  .text              ro code   0x800'32e4   0x16a  DblAdd.o [3]
  .text              ro code   0x800'3450   0xbe0  tasks.o [1]
  .text              ro code   0x800'4030   0x274  heap_4.o [1]
  .text              ro code   0x800'42a4    0x66  ABImemset.o [4]
  .text              ro code   0x800'430a    0x9a  list.o [1]
  .text              ro code   0x800'43a4   0x25c  port.o [1]
  .text              ro code   0x800'4600   0x200  cmsis_os2.o [1]
  .text              ro code   0x800'4800   0x4d4  timers.o [1]
  CODE               ro code   0x800'4cd4    0xb0  portasm.o [1]
  .text              ro code   0x800'4d84   0xa4c  queue.o [1]
  .text              ro code   0x800'57d0   0xb54  stm32f4xx_hal_uart.o [1]
  .text              ro code   0x800'6324   0x248  usart.o [1]
  .text              ro code   0x800'656c     0xc  stm32f4xx_hal.o [1]
  .text              ro code   0x800'6578   0x234  stm32f4xx_hal_dma.o [1]
  .text              ro code   0x800'67ac   0x1c8  stm32f4xx_it.o [1]
  .text              ro code   0x800'6974     0x2  stm32f4xx_hal_uart.o [1]
  .text              ro code   0x800'6976     0x2  stm32f4xx_hal_uart.o [1]
  .text              ro code   0x800'6978   0x260  stm32f4xx_hal_rcc.o [1]
  .text              ro code   0x800'6bd8   0x10a  main.o [1]
  .text              ro code   0x800'6ce4     0x6  ABImemclr4.o [4]
  .text              ro code   0x800'6cec   0x2c4  stm32f4xx_hal_gpio.o [1]
  .text              ro code   0x800'6fb0   0x110  stm32f4xx_hal_cortex.o [1]
  .text              ro code   0x800'70c0   0x2c6  stm32f4xx_hal_tim.o [1]
  .text              ro code   0x800'7388    0x28  printf.o [2]
  .text              ro code   0x800'73b0    0x98  stm32f4xx_hal_timebase_tim.o [1]
  .text              ro code   0x800'7448    0x34  stm32f4xx_hal.o [1]
  .text              ro code   0x800'747c    0x98  gpio.o [1]
  .text              ro code   0x800'7514   0x404  spi.o [1]
  .text              ro code   0x800'7918    0x60  exti.o [1]
  .text              ro code   0x800'7978   0x150  freertos.o [1]
  .text              ro code   0x800'7ac8   0x3dc  stm32f4xx_hal_rcc.o [1]
  .text              ro code   0x800'7ea4    0x7c  stm32f4xx_hal_pwr_ex.o [1]
  .text              ro code   0x800'7f20    0x18  stm32f4xx_hal.o [1]
  .text              ro code   0x800'7f38    0x32  ABImemset48.o [4]
  .text              ro code   0x800'7f6a     0x2  stm32f4xx_hal_tim.o [1]
  .text              ro code   0x800'7f6c     0x2  stm32f4xx_hal_tim.o [1]
  .text              ro code   0x800'7f6e     0x2  stm32f4xx_hal_tim.o [1]
  .text              ro code   0x800'7f70     0x2  stm32f4xx_hal_tim_ex.o [1]
  .text              ro code   0x800'7f72     0x2  stm32f4xx_hal_tim.o [1]
  .text              ro code   0x800'7f74     0x2  stm32f4xx_hal_tim_ex.o [1]
  .text              ro code   0x800'7f78    0x40  stm32f4xx_hal_msp.o [1]
  .text              ro code   0x800'7fb8   0x3d0  stm32f4xx_hal_spi.o [1]
  .text              ro code   0x800'8388    0x14  memset.o [4]
  .text              ro code   0x800'839c    0x28  stm32f4xx_hal.o [1]
  .text              ro code   0x800'83c4   0x2f8  UpperComm.o [1]
  .text              ro code   0x800'86bc    0xc8  RobotComm.o [1]
  .text              ro code   0x800'8784    0x40  sprintf.o [2]
  .text              ro code   0x800'87c4   0x14c  iar_Stoulx.o [2]
  .text              ro code   0x800'8910    0x70  strncpy.o [4]
  .text              ro code   0x800'8980    0x18  strcpy.o [4]
  .text              ro code   0x800'8998     0x4  heaptramp0.o [2]
  .text              ro code   0x800'899c    0x28  strncmp.o [2]
  .text              ro code   0x800'89c4    0x14  isspace.o [2]
  .text              ro code   0x800'89d8    0x14  tolower.o [2]
  .rodata            const     0x800'89ec    0x50  iar_Stoulx.o [2]
  .rodata            const     0x800'8a3c    0x34  stm32f4xx_it.o [1]
  .rodata            const     0x800'8a70    0x28  UpperComm.o [1]
  .text              ro code   0x800'8a98    0x28  data_init.o [4]
  .rodata            const     0x800'8ac0    0x24  freertos.o [1]
  .rodata            const     0x800'8ae4    0x24  freertos.o [1]
  .rodata            const     0x800'8b08    0x24  freertos.o [1]
  .rodata            const     0x800'8b2c    0x24  freertos.o [1]
  .rodata            const     0x800'8b50    0x24  UpperComm.o [1]
  .text              ro code   0x800'8b74    0x22  fpinit_M.o [3]
  .iar.init_table    const     0x800'8b98    0x20  - Linker created -
  .rodata            const     0x800'8bb8    0x20  spi.o [1]
  .text              ro code   0x800'8bd8    0x1e  cmain.o [4]
  .text              ro code   0x800'8bf6     0x4  low_level_init.o [2]
  .text              ro code   0x800'8bfa     0x4  exit.o [2]
  .text              ro code   0x800'8c00     0xa  cexit.o [4]
  .text              ro code   0x800'8c0c    0x1c  redefineprintf.o [1]
  .text              ro code   0x800'8c28    0x1c  system_stm32f4xx.o [1]
  .rodata            const     0x800'8c44    0x18  UpperComm.o [1]
  .text              ro code   0x800'8c5c    0x16  xprout.o [2]
  .text              ro code   0x800'8c74     0xc  putchar.o [2]
  .rodata            const     0x800'8c80    0x14  RobotComm.o [1]
  .rodata            const     0x800'8c94    0x10  freertos.o [1]
  .rodata            const     0x800'8ca4    0x10  freertos.o [1]
  .rodata            const     0x800'8cb4    0x10  main.o [1]
  .rodata            const     0x800'8cc4    0x10  spi.o [1]
  .rodata            const     0x800'8cd4    0x10  system_stm32f4xx.o [1]
  .rodata            const     0x800'8ce4    0x10  UpperComm.o [1]
  .text              ro code   0x800'8cf4    0x10  startup_stm32f429xx.o [1]
  .rodata            const     0x800'8d04     0xc  UpperComm.o [1]
  .text              ro code   0x800'8d10     0xc  cstartup_M.o [4]
  .rodata            const     0x800'8d1c     0x8  freertos.o [1]
  .rodata            const     0x800'8d24     0x8  freertos.o [1]
  .rodata            const     0x800'8d2c     0x8  RobotComm.o [1]
  .rodata            const     0x800'8d34     0x8  system_stm32f4xx.o [1]
  .rodata            const     0x800'8d3c     0x8  tasks.o [1]
  .rodata            const     0x800'8d44     0x8  timers.o [1]
  .rodata            const     0x800'8d4c     0x8  timers.o [1]
  .rodata            const     0x800'8d54     0x8  UpperComm.o [1]
  .rodata            const     0x800'8d5c     0x8  UpperComm.o [1]
  .rodata            const     0x800'8d64     0x8  UpperComm.o [1]
  .rodata            const     0x800'8d6c     0x8  UpperComm.o [1]
  .rodata            const     0x800'8d74     0x8  UpperComm.o [1]
  .rodata            const     0x800'8d7c     0x8  UpperComm.o [1]
  .rodata            const     0x800'8d84     0x8  UpperComm.o [1]
  .rodata            const     0x800'8d8c     0x8  UpperComm.o [1]
  .rodata            const     0x800'8d94     0x8  UpperComm.o [1]
  .rodata            const     0x800'8d9c     0x8  UpperComm.o [1]
  .rodata            const     0x800'8da4     0x8  UpperComm.o [1]
  .rodata            const     0x800'8dac     0x6  xlocale_c.o [2]
  .rodata            const     0x800'8db4     0x4  heap_4.o [1]
  .rodata            const     0x800'8db8     0x4  port.o [1]
  .rodata            const     0x800'8dbc     0x4  spi.o [1]
  .rodata            const     0x800'8dc0     0x4  UpperComm.o [1]
  .rodata            const     0x800'8dc4     0x4  UpperComm.o [1]
  .rodata            const     0x800'8dc8     0x4  UpperComm.o [1]
  .rodata            const     0x800'8dcc     0x4  UpperComm.o [1]
  .rodata            const     0x800'8dd0     0x4  UpperComm.o [1]
  .rodata            const     0x800'8dd4     0x4  UpperComm.o [1]
  .text              ro code   0x800'8dd8     0x4  startup_stm32f429xx.o [1]
  .text              ro code   0x800'8ddc     0x4  startup_stm32f429xx.o [1]
  .text              ro code   0x800'8de0     0x4  startup_stm32f429xx.o [1]
  .text              ro code   0x800'8de4     0x4  startup_stm32f429xx.o [1]
  .text              ro code   0x800'8de8     0x4  startup_stm32f429xx.o [1]
  .text              ro code   0x800'8dec     0x4  startup_stm32f429xx.o [1]
  .text              ro code   0x800'8df0     0x4  startup_stm32f429xx.o [1]
  .text              ro code   0x800'8df4     0x4  startup_stm32f429xx.o [1]
  .text              ro code   0x800'8df8     0x4  startup_stm32f429xx.o [1]
  .text              ro code   0x800'8dfc     0x4  startup_stm32f429xx.o [1]
  .text              ro code   0x800'8e00     0x4  startup_stm32f429xx.o [1]
  .text              ro code   0x800'8e04     0x4  startup_stm32f429xx.o [1]
  .text              ro code   0x800'8e08     0x4  startup_stm32f429xx.o [1]
  .text              ro code   0x800'8e0c     0x4  startup_stm32f429xx.o [1]
  .text              ro code   0x800'8e10     0x4  startup_stm32f429xx.o [1]
  .text              ro code   0x800'8e14     0x4  startup_stm32f429xx.o [1]
  .text              ro code   0x800'8e18     0x4  startup_stm32f429xx.o [1]
  .text              ro code   0x800'8e1c     0x4  startup_stm32f429xx.o [1]
  .text              ro code   0x800'8e20     0x4  startup_stm32f429xx.o [1]
  .text              ro code   0x800'8e24     0x4  startup_stm32f429xx.o [1]
  .text              ro code   0x800'8e28     0x4  startup_stm32f429xx.o [1]
  .text              ro code   0x800'8e2c     0x4  startup_stm32f429xx.o [1]
  .text              ro code   0x800'8e30     0x4  startup_stm32f429xx.o [1]
  .text              ro code   0x800'8e34     0x4  startup_stm32f429xx.o [1]
  .text              ro code   0x800'8e38     0x4  startup_stm32f429xx.o [1]
  .text              ro code   0x800'8e3c     0x4  startup_stm32f429xx.o [1]
  .text              ro code   0x800'8e40     0x4  startup_stm32f429xx.o [1]
  .text              ro code   0x800'8e44     0x4  startup_stm32f429xx.o [1]
  .text              ro code   0x800'8e48     0x4  startup_stm32f429xx.o [1]
  .text              ro code   0x800'8e4c     0x4  startup_stm32f429xx.o [1]
  .text              ro code   0x800'8e50     0x4  startup_stm32f429xx.o [1]
  .text              ro code   0x800'8e54     0x4  startup_stm32f429xx.o [1]
  .text              ro code   0x800'8e58     0x4  startup_stm32f429xx.o [1]
  .text              ro code   0x800'8e5c     0x4  startup_stm32f429xx.o [1]
  .text              ro code   0x800'8e60     0x4  startup_stm32f429xx.o [1]
  .text              ro code   0x800'8e64     0x4  startup_stm32f429xx.o [1]
  .text              ro code   0x800'8e68     0x4  startup_stm32f429xx.o [1]
  .text              ro code   0x800'8e6c     0x4  startup_stm32f429xx.o [1]
  .text              ro code   0x800'8e70     0x4  startup_stm32f429xx.o [1]
  .text              ro code   0x800'8e74     0x4  startup_stm32f429xx.o [1]
  .text              ro code   0x800'8e78     0x4  startup_stm32f429xx.o [1]
  .text              ro code   0x800'8e7c     0x4  startup_stm32f429xx.o [1]
  .text              ro code   0x800'8e80     0x4  startup_stm32f429xx.o [1]
  .text              ro code   0x800'8e84     0x4  startup_stm32f429xx.o [1]
  .text              ro code   0x800'8e88     0x4  startup_stm32f429xx.o [1]
  .text              ro code   0x800'8e8c     0x4  startup_stm32f429xx.o [1]
  .text              ro code   0x800'8e90     0x4  startup_stm32f429xx.o [1]
  .text              ro code   0x800'8e94     0x4  startup_stm32f429xx.o [1]
  .text              ro code   0x800'8e98     0x4  startup_stm32f429xx.o [1]
  .text              ro code   0x800'8e9c     0x4  startup_stm32f429xx.o [1]
  .text              ro code   0x800'8ea0     0x4  startup_stm32f429xx.o [1]
  .text              ro code   0x800'8ea4     0x4  startup_stm32f429xx.o [1]
  .text              ro code   0x800'8ea8     0x4  startup_stm32f429xx.o [1]
  .text              ro code   0x800'8eac     0x4  startup_stm32f429xx.o [1]
  .text              ro code   0x800'8eb0     0x4  startup_stm32f429xx.o [1]
  .text              ro code   0x800'8eb4     0x4  startup_stm32f429xx.o [1]
  .text              ro code   0x800'8eb8     0x4  startup_stm32f429xx.o [1]
  .text              ro code   0x800'8ebc     0x4  startup_stm32f429xx.o [1]
  .text              ro code   0x800'8ec0     0x4  startup_stm32f429xx.o [1]
  .text              ro code   0x800'8ec4     0x4  startup_stm32f429xx.o [1]
  .text              ro code   0x800'8ec8     0x4  startup_stm32f429xx.o [1]
  .text              ro code   0x800'8ecc     0x4  startup_stm32f429xx.o [1]
  .text              ro code   0x800'8ed0     0x4  startup_stm32f429xx.o [1]
  .text              ro code   0x800'8ed4     0x4  startup_stm32f429xx.o [1]
  .text              ro code   0x800'8ed8     0x4  startup_stm32f429xx.o [1]
  .text              ro code   0x800'8edc     0x4  startup_stm32f429xx.o [1]
  .text              ro code   0x800'8ee0     0x4  startup_stm32f429xx.o [1]
  .text              ro code   0x800'8ee4     0x4  startup_stm32f429xx.o [1]
  .text              ro code   0x800'8ee8     0x4  startup_stm32f429xx.o [1]
  .text              ro code   0x800'8eec     0x4  startup_stm32f429xx.o [1]
  .text              ro code   0x800'8ef0     0x4  startup_stm32f429xx.o [1]
  .text              ro code   0x800'8ef4     0x4  startup_stm32f429xx.o [1]
  .text              ro code   0x800'8ef8     0x4  startup_stm32f429xx.o [1]
  .text              ro code   0x800'8efc     0x4  startup_stm32f429xx.o [1]
  .text              ro code   0x800'8f00     0x4  startup_stm32f429xx.o [1]
  .text              ro code   0x800'8f04     0x4  startup_stm32f429xx.o [1]
  .text              ro code   0x800'8f08     0x4  startup_stm32f429xx.o [1]
  .text              ro code   0x800'8f0c     0x4  startup_stm32f429xx.o [1]
  .text              ro code   0x800'8f10     0x4  startup_stm32f429xx.o [1]
  .text              ro code   0x800'8f14     0x4  startup_stm32f429xx.o [1]
  .text              ro code   0x800'8f18     0x4  startup_stm32f429xx.o [1]
  .text              ro code   0x800'8f1c     0x4  startup_stm32f429xx.o [1]
  .text              ro code   0x800'8f20     0x4  startup_stm32f429xx.o [1]
  .text              ro code   0x800'8f24     0x4  startup_stm32f429xx.o [1]
  .text              ro code   0x800'8f28     0x4  startup_stm32f429xx.o [1]
  .rodata            const     0x800'8f2c     0x0  zero_init3.o [4]
  .rodata            const     0x800'8f2c     0x0  lz77_init_single.o [4]
  Initializer bytes  const     0x800'8f2c    0xfc  <for P2-1>
                             - 0x800'9028  0x8e7c

"P2", part 1 of 3:                          0x499
  P2-1                        0x2000'0000   0x499  <Init block>
    .data            inited   0x2000'0000     0x4  port.o [1]
    .data            inited   0x2000'0004     0x4  stm32f4xx_hal.o [1]
    .data            inited   0x2000'0008     0x4  stm32f4xx_it.o [1]
    .data            inited   0x2000'000c     0x4  system_stm32f4xx.o [1]
    .data            inited   0x2000'0010   0x3c0  UpperComm.o [1]
    .data            inited   0x2000'03d0    0x38  xlocale_c.o [2]
    .data            inited   0x2000'0408    0x48  xlocale_c.o [2]
    .data            inited   0x2000'0450    0x48  xfiles.o [2]
    .data            inited   0x2000'0498     0x1  stm32f4xx_hal.o [1]
                            - 0x2000'0499   0x499

"P2", part 2 of 3:                         0x7480
  .bss               zero     0x2000'049c  0x3c00  heap_4.o [1]
  .bss               zero     0x2000'409c  0x1388  usart.o [1]
  .bss               zero     0x2000'5424  0x1388  usart.o [1]
  .bss               zero     0x2000'67ac   0x460  tasks.o [1]
  .bss               zero     0x2000'6c0c   0x400  cmsis_os2.o [1]
  .bss               zero     0x2000'700c   0x200  cmsis_os2.o [1]
  .bss               zero     0x2000'720c   0x1d8  dlmalloc.o [2]
  .bss               zero     0x2000'73e4    0xa0  timers.o [1]
  .bss               zero     0x2000'7484    0x60  usart.o [1]
  .bss               zero     0x2000'74e4    0x5c  cmsis_os2.o [1]
  .bss               zero     0x2000'7540    0x5c  cmsis_os2.o [1]
  .bss               zero     0x2000'759c    0x58  spi.o [1]
  .bss               zero     0x2000'75f4    0x50  timers.o [1]
  .bss               zero     0x2000'7644    0x50  xfiles.o [2]
  .bss               zero     0x2000'7694    0x40  queue.o [1]
  .bss               zero     0x2000'76d4    0x40  stm32f4xx_hal_timebase_tim.o [1]
  .bss               zero     0x2000'7714    0x40  usart.o [1]
  .bss               zero     0x2000'7754    0x40  usart.o [1]
  .bss               zero     0x2000'7794    0x40  usart.o [1]
  .bss               zero     0x2000'77d4    0x18  dlmalloc.o [2]
  .bss               zero     0x2000'77ec    0x14  tasks.o [1]
  .bss               zero     0x2000'7800    0x14  tasks.o [1]
  .bss               zero     0x2000'7814    0x14  tasks.o [1]
  .bss               zero     0x2000'7828    0x14  tasks.o [1]
  .bss               zero     0x2000'783c    0x14  tasks.o [1]
  .bss               zero     0x2000'7850    0x14  timers.o [1]
  .bss               zero     0x2000'7864    0x14  timers.o [1]
  .bss               zero     0x2000'7878     0x8  heap_4.o [1]
  .bss               zero     0x2000'7880     0x4  cmsis_os2.o [1]
  .bss               zero     0x2000'7884     0x4  freertos.o [1]
  .bss               zero     0x2000'7888     0x4  freertos.o [1]
  .bss               zero     0x2000'788c     0x4  freertos.o [1]
  .bss               zero     0x2000'7890     0x4  freertos.o [1]
  .bss               zero     0x2000'7894     0x4  freertos.o [1]
  .bss               zero     0x2000'7898     0x4  freertos.o [1]
  .bss               zero     0x2000'789c     0x4  GlobalData.o [1]
  .bss               zero     0x2000'78a0     0x4  GlobalData.o [1]
  .bss               zero     0x2000'78a4     0x4  heap_4.o [1]
  .bss               zero     0x2000'78a8     0x4  heap_4.o [1]
  .bss               zero     0x2000'78ac     0x4  heap_4.o [1]
  .bss               zero     0x2000'78b0     0x4  heap_4.o [1]
  .bss               zero     0x2000'78b4     0x4  port.o [1]
  .bss               zero     0x2000'78b8     0x4  stm32f4xx_hal.o [1]
  .bss               zero     0x2000'78bc     0x4  tasks.o [1]
  .bss               zero     0x2000'78c0     0x4  tasks.o [1]
  .bss               zero     0x2000'78c4     0x4  tasks.o [1]
  .bss               zero     0x2000'78c8     0x4  tasks.o [1]
  .bss               zero     0x2000'78cc     0x4  tasks.o [1]
  .bss               zero     0x2000'78d0     0x4  tasks.o [1]
  .bss               zero     0x2000'78d4     0x4  tasks.o [1]
  .bss               zero     0x2000'78d8     0x4  tasks.o [1]
  .bss               zero     0x2000'78dc     0x4  tasks.o [1]
  .bss               zero     0x2000'78e0     0x4  tasks.o [1]
  .bss               zero     0x2000'78e4     0x4  tasks.o [1]
  .bss               zero     0x2000'78e8     0x4  tasks.o [1]
  .bss               zero     0x2000'78ec     0x4  tasks.o [1]
  .bss               zero     0x2000'78f0     0x4  tasks.o [1]
  .bss               zero     0x2000'78f4     0x4  tasks.o [1]
  .bss               zero     0x2000'78f8     0x4  timers.o [1]
  .bss               zero     0x2000'78fc     0x4  timers.o [1]
  .bss               zero     0x2000'7900     0x4  timers.o [1]
  .bss               zero     0x2000'7904     0x4  timers.o [1]
  .bss               zero     0x2000'7908     0x4  timers.o [1]
  .bss               zero     0x2000'790c     0x4  xfail_s.o [2]
  .bss               zero     0x2000'7910     0x4  xgetmemchunk.o [2]
  .bss               zero     0x2000'7914     0x2  usart.o [1]
  .bss               zero     0x2000'7916     0x2  usart.o [1]
  .bss               zero     0x2000'7918     0x1  port.o [1]
                            - 0x2000'7919  0x747d

"P2", part 3 of 3:                          0x600
  CSTACK                      0x2000'7920   0x400  <Block>
    CSTACK           uninit   0x2000'7920   0x400  <Block tail>
  HEAP                        0x2000'7d20   0x200  <Block>
    HEAP             uninit   0x2000'7d20   0x200  <Block tail>
                            - 0x2000'7f20   0x600

Unused ranges:

         From           To       Size
         ----           --       ----
   0x800'9047   0x81f'ffff  0x1f'6fb9
  0x2000'0499  0x2000'049b        0x3
  0x2000'791c  0x2000'791f        0x4
  0x2000'7f20  0x2002'ffff   0x2'80e0


*******************************************************************************
*** INIT TABLE
***

          Address      Size
          -------      ----
Zero (__iar_zero_init3)
    1 destination range, total size 0x747d:
          0x2000'049c  0x747d

Copy/lz77 (__iar_lz77_init_single3)
    1 source range, total size 0xfc (21% of destination):
           0x800'8f2c    0xfc
    1 destination range, total size 0x499:
          0x2000'0000   0x499



*******************************************************************************
*** MODULE SUMMARY
***

    Module                        ro code  ro data  rw data
    ------                        -------  -------  -------
command line/config:
    -------------------------------------------------------
    Total:

C:\PRJ\STM32F429_FreeRTOS_MCU0\EWARM\STM32F429_FreeRTOS_DEMO\Obj: [1]
    GlobalData.o                                          8
    RobotComm.o                       200       28
    UpperComm.o                       760      446      960
    cmsis_os2.o                       512             1 724
    exti.o                             96
    freertos.o                        336      192       24
    gpio.o                            152
    heap_4.o                          628        4   15 384
    list.o                            154
    main.o                            266       16
    port.o                            604        4        9
    portasm.o                         176
    queue.o                         2 636                64
    redefineprintf.o                   28
    spi.o                           1 028       52       88
    startup_stm32f429xx.o             784
    stm32f4xx_hal.o                   128        2        9
    stm32f4xx_hal_cortex.o            272
    stm32f4xx_hal_dma.o               564
    stm32f4xx_hal_gpio.o              708
    stm32f4xx_hal_msp.o                64
    stm32f4xx_hal_pwr_ex.o            124
    stm32f4xx_hal_rcc.o             1 596
    stm32f4xx_hal_spi.o               976
    stm32f4xx_hal_tim.o               718
    stm32f4xx_hal_tim_ex.o              4
    stm32f4xx_hal_timebase_tim.o      152                64
    stm32f4xx_hal_uart.o            2 904
    stm32f4xx_it.o                    456       53        4
    system_stm32f4xx.o                 28       25        4
    tasks.o                         3 040        8    1 280
    timers.o                        1 236       16      300
    usart.o                           584            10 292
    -------------------------------------------------------
    Total:                         21 914      846   30 214

dl7M_tlf.a: [2]
    abort.o                             6
    dlmalloc.o                      5 344               496
    exit.o                              4
    heaptramp0.o                        4
    iar_Stoulx.o                      332       80
    isspace.o                          20
    low_level_init.o                    4
    printf.o                           40
    putchar.o                          12
    sprintf.o                          64
    strncmp.o                          40
    tolower.o                          20
    xencoding_8859_1.o                 30
    xfail_s.o                          64                 4
    xfiles.o                                    15      152
    xgetmemchunk.o                     44                 4
    xlocale_c.o                       164       34      128
    xmbcurmax.o                        10
    xprintffull.o                   3 910
    xprout.o                           22
    xsprout.o                          10
    -------------------------------------------------------
    Total:                         10 144      129      784

m7M_tls.a: [3]
    DblAdd.o                          362
    DblCmpGe.o                         46
    DblCmpLe.o                         46
    DblDiv.o                          582
    DblMul.o                          418
    DblSub.o                          226
    DblToS32.o                         58
    DblToU32.o                         40
    S32ToDbl.o                         34
    U32ToDbl.o                         26
    fpinit_M.o                         34
    frexp.o                           112
    ldexp.o                           314
    -------------------------------------------------------
    Total:                          2 298

rt7M_tl.a: [4]
    ABImemclr4.o                        6
    ABImemcpy.o                       166
    ABImemset.o                       102
    ABImemset48.o                      50
    I64DivMod.o                       560
    I64DivZer.o                         2
    cexit.o                            10
    cmain.o                            30
    cstartup_M.o                       12
    data_init.o                        40
    lz77_init_single.o                122
    memchr.o                           88
    memset.o                           20
    strchr.o                           22
    strcpy.o                           24
    strlen.o                           54
    strncpy.o                         112
    zero_init3.o                       58
    -------------------------------------------------------
    Total:                          1 478

shb_l.a: [5]
    exit.o                             20
    -------------------------------------------------------
    Total:                             20

    Gaps                               39        4
    Linker created                              32    1 536
-----------------------------------------------------------
    Grand Total:                   35 893    1 011   32 534


*******************************************************************************
*** ENTRY LIST
***

Entry                       Address    Size  Type      Object
-----                       -------    ----  ----      ------
.iar.init_table$$Base    0x800'8b98           --   Gb  - Linker created -
.iar.init_table$$Limit   0x800'8bb8           --   Gb  - Linker created -
?main                    0x800'8bd9          Code  Gb  cmain.o [4]
AHBPrescTable            0x800'8cd4    0x10  Data  Gb  system_stm32f4xx.o [1]
APBPrescTable            0x800'8d34     0x8  Data  Gb  system_stm32f4xx.o [1]
BinarySemaphoreACKSync  0x2000'789c     0x4  Data  Gb  GlobalData.o [1]
BusFault_Handler         0x800'67b3     0x2  Code  Gb  stm32f4xx_it.o [1]
CSTACK$$Base            0x2000'7920           --   Gb  - Linker created -
CSTACK$$Limit           0x2000'7d20           --   Gb  - Linker created -
CacheMore                0x800'26fd    0x24  Code  Lc  xlocale_c.o [2]
DMA1_Stream5_IRQHandler
                         0x800'68fb     0xa  Code  Gb  stm32f4xx_it.o [1]
DebugMon_Handler         0x800'67b7     0x2  Code  Gb  stm32f4xx_it.o [1]
EXTI15_10_IRQHandler     0x800'796d     0xc  Code  Gb  exti.o [1]
EXTI_Init                0x800'7919    0x46  Code  Gb  exti.o [1]
Error_Handler            0x800'6ce1     0x2  Code  Gb  main.o [1]
HAL_DMA_Abort_IT         0x800'6579    0x28  Code  Gb  stm32f4xx_hal_dma.o [1]
HAL_DMA_IRQHandler       0x800'65a1   0x208  Code  Gb  stm32f4xx_hal_dma.o [1]
HAL_Delay                0x800'839d    0x28  Code  Wk  stm32f4xx_hal.o [1]
HAL_GPIO_EXTI_Callback   0x800'6905    0x3c  Code  Gb  stm32f4xx_it.o [1]
HAL_GPIO_EXTI_IRQHandler
                         0x800'6f4d    0x20  Code  Gb  stm32f4xx_hal_gpio.o [1]
HAL_GPIO_Init            0x800'6ced   0x230  Code  Gb  stm32f4xx_hal_gpio.o [1]
HAL_GPIO_ReadPin         0x800'6f1d    0x16  Code  Gb  stm32f4xx_hal_gpio.o [1]
HAL_GPIO_WritePin        0x800'6f33    0x1a  Code  Gb  stm32f4xx_hal_gpio.o [1]
HAL_GetTick              0x800'656d     0xc  Code  Wk  stm32f4xx_hal.o [1]
HAL_IncTick              0x800'7f21    0x18  Code  Wk  stm32f4xx_hal.o [1]
HAL_Init                 0x800'7449    0x30  Code  Gb  stm32f4xx_hal.o [1]
HAL_InitTick             0x800'73b1    0x88  Code  Gb  stm32f4xx_hal_timebase_tim.o [1]
HAL_MspInit              0x800'7f79    0x40  Code  Gb  stm32f4xx_hal_msp.o [1]
HAL_NVIC_EnableIRQ       0x800'709f     0xe  Code  Gb  stm32f4xx_hal_cortex.o [1]
HAL_NVIC_SetPriority     0x800'7075    0x2a  Code  Gb  stm32f4xx_hal_cortex.o [1]
HAL_NVIC_SetPriorityGrouping
                         0x800'7069     0xc  Code  Gb  stm32f4xx_hal_cortex.o [1]
HAL_PWREx_EnableOverDrive
                         0x800'7ea5    0x6a  Code  Gb  stm32f4xx_hal_pwr_ex.o [1]
HAL_RCC_ClockConfig      0x800'6979   0x140  Code  Gb  stm32f4xx_hal_rcc.o [1]
HAL_RCC_GetClockConfig   0x800'6aeb    0x34  Code  Gb  stm32f4xx_hal_rcc.o [1]
HAL_RCC_GetHCLKFreq      0x800'6ab9     0x6  Code  Gb  stm32f4xx_hal_rcc.o [1]
HAL_RCC_GetPCLK1Freq     0x800'6abf    0x16  Code  Gb  stm32f4xx_hal_rcc.o [1]
HAL_RCC_GetPCLK2Freq     0x800'6ad5    0x16  Code  Gb  stm32f4xx_hal_rcc.o [1]
HAL_RCC_OscConfig        0x800'7ac9   0x3dc  Code  Wk  stm32f4xx_hal_rcc.o [1]
HAL_SPI_Init             0x800'7fb9    0x8e  Code  Gb  stm32f4xx_hal_spi.o [1]
HAL_SPI_MspInit          0x800'75a5   0x122  Code  Gb  spi.o [1]
HAL_SPI_TransmitReceive
                         0x800'8047   0x23c  Code  Gb  stm32f4xx_hal_spi.o [1]
HAL_TIMEx_BreakCallback
                         0x800'7f71     0x2  Code  Wk  stm32f4xx_hal_tim_ex.o [1]
HAL_TIMEx_CommutCallback
                         0x800'7f75     0x2  Code  Wk  stm32f4xx_hal_tim_ex.o [1]
HAL_TIM_Base_Init        0x800'70c1    0x38  Code  Gb  stm32f4xx_hal_tim.o [1]
HAL_TIM_Base_Start_IT    0x800'70f9    0x2a  Code  Gb  stm32f4xx_hal_tim.o [1]
HAL_TIM_IRQHandler       0x800'7123   0x176  Code  Gb  stm32f4xx_hal_tim.o [1]
HAL_TIM_PeriodElapsedCallback
                         0x800'6cbd    0x12  Code  Gb  main.o [1]
HAL_UART_ErrorCallback   0x800'68a5    0x56  Code  Gb  stm32f4xx_it.o [1]
HAL_UART_IRQHandler      0x800'5a11   0x150  Code  Gb  stm32f4xx_hal_uart.o [1]
HAL_UART_Init            0x800'57d1    0x76  Code  Gb  stm32f4xx_hal_uart.o [1]
HAL_UART_MspInit         0x800'63c1   0x17e  Code  Gb  usart.o [1]
HAL_UART_Receive         0x800'5927    0xea  Code  Gb  stm32f4xx_hal_uart.o [1]
HAL_UART_Transmit        0x800'5847    0xe0  Code  Gb  stm32f4xx_hal_uart.o [1]
HEAP$$Base              0x2000'7d20           --   Gb  - Linker created -
HEAP$$Limit             0x2000'7f20           --   Gb  - Linker created -
HardFault_Handler        0x800'67af     0x2  Code  Gb  stm32f4xx_it.o [1]
Idle_Stack              0x2000'700c   0x200  Data  Lc  cmsis_os2.o [1]
Idle_TCB                0x2000'74e4    0x5c  Data  Lc  cmsis_os2.o [1]
KernelState             0x2000'7880     0x4  Data  Lc  cmsis_os2.o [1]
LoadInt                  0x800'190f    0x7a  Code  Lc  xprintffull.o [2]
MX_FREERTOS_Init         0x800'7979    0x60  Code  Gb  freertos.o [1]
MX_GPIO_Init             0x800'747d    0x98  Code  Gb  gpio.o [1]
MX_USART1_UART_Init      0x800'6325    0x34  Code  Gb  usart.o [1]
MX_USART2_UART_Init      0x800'6359    0x34  Code  Gb  usart.o [1]
MX_USART3_UART_Init      0x800'638d    0x34  Code  Gb  usart.o [1]
MemManage_Handler        0x800'67b1     0x2  Code  Gb  stm32f4xx_it.o [1]
NMI_Handler              0x800'67ad     0x2  Code  Gb  stm32f4xx_it.o [1]
NVIC_EncodePriority      0x800'7029    0x40  Code  Lc  stm32f4xx_hal_cortex.o [1]
PendSV_Handler           0x800'4cd5          Code  Gb  portasm.o [1]
Region$$Table$$Base      0x800'8b98           --   Gb  - Linker created -
Region$$Table$$Limit     0x800'8bb8           --   Gb  - Linker created -
SPI1_CSPIN_MCU1_Init     0x800'7515    0x3c  Code  Gb  spi.o [1]
SPI2_Handler            0x2000'759c    0x58  Data  Gb  spi.o [1]
SPI2_Init                0x800'7551    0x54  Code  Gb  spi.o [1]
SPI2_MCU1_CONF_READ_TEST
                         0x800'77bb    0xb8  Code  Gb  spi.o [1]
SPI2_MCU1_CONF_WRITE_TEST
                         0x800'7873    0x70  Code  Gb  spi.o [1]
SPI2_MCU1_TEST           0x800'76c7    0xf4  Code  Gb  spi.o [1]
SPI_EndRxTxTransaction   0x800'8323    0x5e  Code  Lc  stm32f4xx_hal_spi.o [1]
SPI_WaitFlagStateUntilTimeout
                         0x800'8283    0xa0  Code  Lc  stm32f4xx_hal_spi.o [1]
SVC_Handler              0x800'4d2d          Code  Gb  portasm.o [1]
SVC_Setup                0x800'4601     0x2  Code  Lc  cmsis_os2.o [1]
Spi_Int_Queue           0x2000'78a0     0x4  Data  Gb  GlobalData.o [1]
SysTick_Handler          0x800'4525    0x28  Code  Gb  port.o [1]
SystemClock_Config       0x800'6c0f    0xae  Code  Gb  main.o [1]
SystemCoreClock         0x2000'000c     0x4  Data  Gb  system_stm32f4xx.o [1]
SystemInit               0x800'8c29    0x14  Code  Gb  system_stm32f4xx.o [1]
TIM1_UP_TIM10_IRQHandler
                         0x800'67b9     0xa  Code  Gb  stm32f4xx_it.o [1]
TIM_Base_SetConfig       0x800'7299    0xc0  Code  Gb  stm32f4xx_hal_tim.o [1]
Timer_Stack             0x2000'6c0c   0x400  Data  Lc  cmsis_os2.o [1]
Timer_TCB               0x2000'7540    0x5c  Data  Lc  cmsis_os2.o [1]
UART2RxDMA_Handler      0x2000'7484    0x60  Data  Gb  usart.o [1]
UART_DMAAbortOnError     0x800'5bf1    0x16  Code  Lc  stm32f4xx_hal_uart.o [1]
UART_EndRxTransfer       0x800'5bcf    0x20  Code  Lc  stm32f4xx_hal_uart.o [1]
UART_EndTransmit_IT      0x800'5c77    0x20  Code  Lc  stm32f4xx_hal_uart.o [1]
UART_Receive_IT          0x800'5c97    0xae  Code  Lc  stm32f4xx_hal_uart.o [1]
UART_SetConfig           0x800'5d45   0x5d4  Code  Lc  stm32f4xx_hal_uart.o [1]
UART_Transmit_IT         0x800'5c09    0x6e  Code  Lc  stm32f4xx_hal_uart.o [1]
UART_WaitOnFlagUntilTimeout
                         0x800'5b61    0x6e  Code  Lc  stm32f4xx_hal_uart.o [1]
USART2_IRQHandler        0x800'67c3    0x66  Code  Gb  stm32f4xx_it.o [1]
USART2_RX_BUF           0x2000'409c  0x1388  Data  Gb  usart.o [1]
USART2_RX_STA           0x2000'7914     0x2  Data  Gb  usart.o [1]
USART3_IRQHandler        0x800'6829    0x7c  Code  Gb  stm32f4xx_it.o [1]
USART3_RX_BUF           0x2000'5424  0x1388  Data  Gb  usart.o [1]
USART3_RX_STA           0x2000'7916     0x2  Data  Gb  usart.o [1]
UsageFault_Handler       0x800'67b5     0x2  Code  Gb  stm32f4xx_it.o [1]
_Encoding_8859_1_Mbrlen
                         0x800'2799     0x2  Code  Gb  xencoding_8859_1.o [2]
_Encoding_8859_1_Wctomb
                         0x800'2787    0x12  Code  Gb  xencoding_8859_1.o [2]
_GenldFull               0x800'236d   0x274  Code  Lc  xprintffull.o [2]
_LdtobFull               0x800'1f69   0x3d6  Code  Lc  xprintffull.o [2]
_LitobFull               0x800'1e19   0x10a  Code  Lc  xprintffull.o [2]
_LocaleC_isspace         0x800'26d9    0x14  Code  Gb  xlocale_c.o [2]
_LocaleC_isupper         0x800'26cd     0x2  Code  Gb  xlocale_c.o [2]
_LocaleC_tolower         0x800'26ed     0xc  Code  Gb  xlocale_c.o [2]
_Locale_lconv           0x2000'03d0    0x38  Data  Lc  xlocale_c.o [2]
_PrintfFull              0x800'174d   0x1aa  Code  Gb  xprintffull.o [2]
_Prout                   0x800'8c5d    0x16  Code  Gb  xprout.o [2]
_PutcharsFull            0x800'25e1    0x2e  Code  Lc  xprintffull.o [2]
_PutfldFull              0x800'1989   0x2d4  Code  Lc  xprintffull.o [2]
_PutstrFull              0x800'1d53    0xc6  Code  Lc  xprintffull.o [2]
_PuttxtFull              0x800'1c5d    0xf6  Code  Lc  xprintffull.o [2]
_SProut                  0x800'281b     0xa  Code  Gb  xsprout.o [2]
__NVIC_EnableIRQ         0x800'6fdf    0x1e  Code  Lc  stm32f4xx_hal_cortex.o [1]
__NVIC_GetPriorityGrouping
                         0x800'6fd3     0xc  Code  Lc  stm32f4xx_hal_cortex.o [1]
__NVIC_SetPriority       0x800'6ffd    0x2c  Code  Lc  stm32f4xx_hal_cortex.o [1]
__NVIC_SetPriorityGrouping
                         0x800'6fb1    0x22  Code  Lc  stm32f4xx_hal_cortex.o [1]
__aeabi_cdcmple          0x800'2d75          Code  Gb  DblCmpLe.o [3]
__aeabi_cdrcmple         0x800'2da5          Code  Gb  DblCmpGe.o [3]
__aeabi_d2iz             0x800'2f11          Code  Gb  DblToS32.o [3]
__aeabi_d2uiz            0x800'329d          Code  Gb  DblToU32.o [3]
__aeabi_ddiv             0x800'3055          Code  Gb  DblDiv.o [3]
__aeabi_dmul             0x800'2b61          Code  Gb  DblMul.o [3]
__aeabi_dsub             0x800'2f71          Code  Gb  DblSub.o [3]
__aeabi_i2d              0x800'2f4d          Code  Gb  S32ToDbl.o [3]
__aeabi_ldiv0            0x800'32e1          Code  Gb  I64DivZer.o [4]
__aeabi_memclr4          0x800'6ce5          Code  Gb  ABImemclr4.o [4]
__aeabi_memcpy           0x800'2889          Code  Gb  ABImemcpy.o [4]
__aeabi_memcpy4          0x800'28a9          Code  Gb  ABImemcpy.o [4]
__aeabi_memcpy8          0x800'28a9          Code  Gb  ABImemcpy.o [4]
__aeabi_memset           0x800'42a5          Code  Gb  ABImemset.o [4]
__aeabi_ui2d             0x800'32c5          Code  Gb  U32ToDbl.o [3]
__aeabi_uldivmod         0x800'2931          Code  Gb  I64DivMod.o [4]
__cmain                  0x800'8bd9          Code  Gb  cmain.o [4]
__data_GetMemChunk       0x800'170d    0x2c  Code  Gb  xgetmemchunk.o [2]
__data_GetMemChunk::start
                        0x2000'7910     0x4  Data  Lc  xgetmemchunk.o [2]
__exit                   0x800'1739    0x14  Code  Gb  exit.o [5]
__iar_Fail_s             0x800'27a5    0x1c  Code  Gb  xfail_s.o [2]
__iar_Mbcurmax           0x800'287d     0xa  Code  Gb  xmbcurmax.o [2]
__iar_Memchr             0x800'2825          Code  Gb  memchr.o [4]
__iar_Memset             0x800'42a5          Code  Gb  ABImemset.o [4]
__iar_Memset4_word       0x800'7f39          Code  Gb  ABImemset48.o [4]
__iar_Memset8_word       0x800'7f39          Code  Gb  ABImemset48.o [4]
__iar_Memset_word        0x800'42ad          Code  Gb  ABImemset.o [4]
__iar_Stdout            0x2000'0450    0x48  Data  Gb  xfiles.o [2]
__iar_Stoulx             0x800'87c5   0x13a  Code  Gb  iar_Stoulx.o [2]
__iar_Strchr             0x800'2771          Code  Gb  strchr.o [4]
__iar_dadd               0x800'2f81          Code  Gb  DblSub.o [3]
__iar_data_init3         0x800'8a99    0x28  Code  Gb  data_init.o [4]
__iar_dlfree             0x800'118b   0x4f6  Code  Gb  dlmalloc.o [2]
__iar_dlmalloc           0x800'0ed5   0x2b6  Code  Gb  dlmalloc.o [2]
__iar_dsub               0x800'32e5          Code  Gb  DblAdd.o [3]
__iar_dsubStart          0x800'32f7          Code  Gb  DblAdd.o [3]
__iar_frexp              0x800'2d11          Code  Gb  frexp.o [3]
__iar_frexpl             0x800'2d11          Code  Gb  frexp.o [3]
__iar_globLocale        0x2000'0408    0x48  Data  Lc  xlocale_c.o [2]
__iar_global_Locale      0x800'26f9     0x4  Code  Gb  xlocale_c.o [2]
__iar_init_vfp           0x800'8b75          Code  Gb  fpinit_M.o [3]
__iar_ldexp64            0x800'2dd5          Code  Gb  ldexp.o [3]
__iar_lz77_init_single3
                         0x800'1693    0x7a  Code  Gb  lz77_init_single.o [4]
__iar_program_start      0x800'8d11          Code  Gb  cstartup_M.o [4]
__iar_scalbln64          0x800'2dd5          Code  Gb  ldexp.o [3]
__iar_scalbn64           0x800'2dd5          Code  Gb  ldexp.o [3]
__iar_softfp___iar_frexp64
                         0x800'2d05          Code  Gb  frexp.o [3]
__iar_softfp_frexp       0x800'2d05          Code  Gb  frexp.o [3]
__iar_softfp_frexpl      0x800'2d05          Code  Gb  frexp.o [3]
__iar_zero_init3         0x800'2693    0x3a  Code  Gb  zero_init3.o [4]
__low_level_init         0x800'8bf7     0x4  Code  Gb  low_level_init.o [2]
__vector_table           0x800'0000          Data  Gb  startup_stm32f429xx.o [1]
_call_main               0x800'8be5          Code  Gb  cmain.o [4]
_exit                    0x800'8c01          Code  Gb  cexit.o [4]
_gLocale_mblen           0x800'275d     0x4  Code  Gb  xlocale_c.o [2]
_gLocale_mblenInt        0x800'2721    0x2c  Code  Gb  xlocale_c.o [2]
_gLocale_wctomb          0x800'2761     0x4  Code  Gb  xlocale_c.o [2]
_gLocale_wctombInt       0x800'2759     0x4  Code  Gb  xlocale_c.o [2]
_gm_                    0x2000'720c   0x1d8  Data  Lc  dlmalloc.o [2]
_main                    0x800'8bf3          Code  Gb  cmain.o [4]
abort                    0x800'168d     0x6  Code  Gb  abort.o [2]
add_segment              0x800'0575   0x1f2  Code  Lc  dlmalloc.o [2]
atoi                     0x800'8905     0x2  Code  Gb  iar_Stoulx.o [2]
cb_cmd_para_split        0x800'8533     0xe  Code  Lc  UpperComm.o [1]
cmdRegTempList          0x2000'0010   0x3c0  Data  Gb  UpperComm.o [1]
cmd_rc_exec              0x800'8445    0x5e  Code  Gb  UpperComm.o [1]
cmd_res_exec             0x800'84fb     0x2  Code  Gb  UpperComm.o [1]
cmd_wc_exec              0x800'84a3    0x58  Code  Gb  UpperComm.o [1]
digits                   0x800'8a14    0x28  Data  Lc  iar_Stoulx.o [2]
exit                     0x800'8bfb     0x4  Code  Gb  exit.o [2]
fputc                    0x800'8c0d    0x1c  Code  Gb  redefineprintf.o [1]
free                     0x800'8999     0x4  Code  Gb  heaptramp0.o [2]
g_test_flag             0x2000'0008     0x4  Data  Gb  stm32f4xx_it.o [1]
get_cmdstr_by_data_frame
                         0x800'84fd    0x36  Code  Lc  UpperComm.o [1]
htim1                   0x2000'76d4    0x40  Data  Gb  stm32f4xx_hal_timebase_tim.o [1]
huart1                  0x2000'7714    0x40  Data  Gb  usart.o [1]
huart2                  0x2000'7754    0x40  Data  Gb  usart.o [1]
huart3                  0x2000'7794    0x40  Data  Gb  usart.o [1]
init_mparams             0x800'01c7    0x32  Code  Lc  dlmalloc.o [2]
init_top                 0x800'01f9    0x36  Code  Lc  dlmalloc.o [2]
isspace                  0x800'89c5    0x14  Code  Gb  isspace.o [2]
ldexp                    0x800'2dd5          Code  Gb  ldexp.o [3]
ldexpl                   0x800'2dd5          Code  Gb  ldexp.o [3]
localeconv               0x800'2765     0x4  Code  Gb  xlocale_c.o [2]
main                     0x800'6bd9    0x36  Code  Gb  main.o [1]
memchr                   0x800'2825          Code  Gb  memchr.o [4]
memset                   0x800'8389    0x14  Code  Gb  memset.o [4]
mparams                 0x2000'77d4    0x18  Data  Lc  dlmalloc.o [2]
ndigs                    0x800'89ec    0x28  Data  Lc  iar_Stoulx.o [2]
obuf                    0x2000'7644    0x50  Data  Lc  xfiles.o [2]
osDelay                  0x800'478b    0x3c  Code  Gb  cmsis_os2.o [1]
osKernelInitialize       0x800'4603    0x40  Code  Gb  cmsis_os2.o [1]
osKernelStart            0x800'4643    0x4a  Code  Gb  cmsis_os2.o [1]
osThreadNew              0x800'468d    0xfe  Code  Gb  cmsis_os2.o [1]
pcInterruptPriorityRegisters
                         0x800'8db8     0x4  Data  Lc  port.o [1]
prepend_alloc            0x800'022f   0x346  Code  Lc  dlmalloc.o [2]
printf                   0x800'7389    0x28  Code  Gb  printf.o [2]
process_robot_comm       0x800'8735    0x2e  Code  Gb  RobotComm.o [1]
process_upper_comm       0x800'8655    0x2e  Code  Gb  UpperComm.o [1]
prvAddCurrentTaskToDelayedList
                         0x800'3f91    0x6c  Code  Lc  tasks.o [1]
prvAddNewTaskToReadyList
                         0x800'364f    0x9e  Code  Lc  tasks.o [1]
prvCheckForValidListAndQueue
                         0x800'4c59    0x4c  Code  Lc  timers.o [1]
prvCheckForValidListAndQueue{1}{2}{3}{4}::ucStaticTimerQueueStorage
                        0x2000'73e4    0xa0  Data  Lc  timers.o [1]
prvCheckForValidListAndQueue{1}{2}{3}{4}::xStaticTimerQueue
                        0x2000'75f4    0x50  Data  Lc  timers.o [1]
prvCheckTasksWaitingTermination
                         0x800'3c97    0x3e  Code  Lc  tasks.o [1]
prvCopyDataFromQueue     0x800'567b    0x36  Code  Lc  queue.o [1]
prvCopyDataToQueue       0x800'55df    0x9c  Code  Lc  queue.o [1]
prvDeleteTCB             0x800'3cd9    0x44  Code  Lc  tasks.o [1]
prvGetDisinheritPriorityAfterTimeout
                         0x800'55c9    0x16  Code  Lc  queue.o [1]
prvGetNextExpireTime     0x800'49eb    0x28  Code  Lc  timers.o [1]
prvHeapInit              0x800'41c5    0x62  Code  Lc  heap_4.o [1]
prvIdleTask              0x800'3c1d    0x24  Code  Lc  tasks.o [1]
prvInitialiseNewQueue    0x800'4f37    0x36  Code  Lc  queue.o [1]
prvInitialiseNewTask     0x800'3569    0xe6  Code  Lc  tasks.o [1]
prvInitialiseTaskLists   0x800'3c41    0x56  Code  Lc  tasks.o [1]
prvInsertBlockIntoFreeList
                         0x800'4227    0x5e  Code  Lc  heap_4.o [1]
prvInsertTimerInActiveList
                         0x800'4a3b    0x52  Code  Lc  timers.o [1]
prvIsQueueEmpty          0x800'571f    0x1c  Code  Lc  queue.o [1]
prvIsQueueFull           0x800'573b    0x1e  Code  Lc  queue.o [1]
prvProcessExpiredTimer   0x800'48ef    0x6c  Code  Lc  timers.o [1]
prvProcessReceivedCommands
                         0x800'4a8d   0x13e  Code  Lc  timers.o [1]
prvProcessTimerOrBlockTask
                         0x800'4977    0x74  Code  Lc  timers.o [1]
prvResetNextTaskUnblockTime
                         0x800'3d1d    0x26  Code  Lc  tasks.o [1]
prvSampleTimeNow         0x800'4a13    0x28  Code  Lc  timers.o [1]
prvSampleTimeNow::xLastTime
                        0x2000'7908     0x4  Data  Lc  timers.o [1]
prvSwitchTimerLists      0x800'4bcb    0x8e  Code  Lc  timers.o [1]
prvTaskExitError         0x800'43cd    0x2a  Code  Lc  port.o [1]
prvTimerTask             0x800'495d    0x1a  Code  Lc  timers.o [1]
prvUnlockQueue           0x800'56b1    0x6e  Code  Lc  queue.o [1]
putchar                  0x800'8c75     0xc  Code  Gb  putchar.o [2]
pvPortMalloc             0x800'4031   0x120  Code  Gb  heap_4.o [1]
pvTaskIncrementMutexHeldCount
                         0x800'3f5b    0x16  Code  Gb  tasks.o [1]
pxCurrentTCB            0x2000'78bc     0x4  Data  Gb  tasks.o [1]
pxCurrentTimerList      0x2000'78f8     0x4  Data  Lc  timers.o [1]
pxDelayedTaskList       0x2000'78c0     0x4  Data  Lc  tasks.o [1]
pxEnd                   0x2000'78a4     0x4  Data  Lc  heap_4.o [1]
pxOverflowDelayedTaskList
                        0x2000'78c4     0x4  Data  Lc  tasks.o [1]
pxOverflowTimerList     0x2000'78fc     0x4  Data  Lc  timers.o [1]
pxPortInitialiseStack    0x800'43a5    0x28  Code  Gb  port.o [1]
pxReadyTasksLists       0x2000'67ac   0x460  Data  Lc  tasks.o [1]
robotProcHandle         0x2000'7888     0x4  Data  Gb  freertos.o [1]
robotProc_attributes     0x800'8ae4    0x24  Data  Gb  freertos.o [1]
robot_ack_parsing        0x800'871d    0x18  Code  Gb  RobotComm.o [1]
robot_proc_task          0x800'7a59    0x3c  Code  Gb  freertos.o [1]
robot_proc_task::cnt    0x2000'7898     0x4  Data  Lc  freertos.o [1]
scalbln                  0x800'2dd5          Code  Gb  ldexp.o [3]
scalblnl                 0x800'2dd5          Code  Gb  ldexp.o [3]
scalbn                   0x800'2dd5          Code  Gb  ldexp.o [3]
scalbnl                  0x800'2dd5          Code  Gb  ldexp.o [3]
scale                    0x800'1f23    0x46  Code  Lc  xprintffull.o [2]
sec_hand                0x2000'790c     0x4  Data  Lc  xfail_s.o [2]
segment_holding          0x800'01ad    0x1a  Code  Lc  dlmalloc.o [2]
split_cmd_str            0x800'8541    0x94  Code  Lc  UpperComm.o [1]
sprintf                  0x800'8785    0x40  Code  Gb  sprintf.o [2]
strchr                   0x800'2771          Code  Gb  strchr.o [4]
strcpy                   0x800'8981          Code  Gb  strcpy.o [4]
strlen                   0x800'27e5          Code  Gb  strlen.o [4]
strncmp                  0x800'899d    0x28  Code  Gb  strncmp.o [2]
strncpy                  0x800'8911          Code  Gb  strncpy.o [4]
sys_alloc                0x800'076d   0x164  Code  Lc  dlmalloc.o [2]
sys_trim                 0x800'08d1    0x64  Code  Lc  dlmalloc.o [2]
test0Handle             0x2000'788c     0x4  Data  Gb  freertos.o [1]
test0_attributes         0x800'8b08    0x24  Data  Gb  freertos.o [1]
test0_task               0x800'79d9    0x32  Code  Gb  freertos.o [1]
test1Handle             0x2000'7890     0x4  Data  Gb  freertos.o [1]
test1_attributes         0x800'8b2c    0x24  Data  Gb  freertos.o [1]
test1_task               0x800'7a0d     0xe  Code  Gb  freertos.o [1]
tmalloc_large            0x800'0941   0x386  Code  Lc  dlmalloc.o [2]
tmalloc_small            0x800'0cc7   0x200  Code  Lc  dlmalloc.o [2]
tolower                  0x800'89d9    0x14  Code  Gb  tolower.o [2]
transparent_to_robot     0x800'83c5    0x80  Code  Gb  UpperComm.o [1]
transparent_to_upper     0x800'86bd    0x60  Code  Gb  RobotComm.o [1]
ucHeap                  0x2000'049c  0x3c00  Data  Lc  heap_4.o [1]
ucMaxSysCallPriority    0x2000'7918     0x1  Data  Lc  port.o [1]
ulMaxPRIGROUPValue      0x2000'78b4     0x4  Data  Lc  port.o [1]
upperProcHandle         0x2000'7884     0x4  Data  Gb  freertos.o [1]
upperProc_attributes     0x800'8ac0    0x24  Data  Gb  freertos.o [1]
upper_proc_task          0x800'7a1d    0x3c  Code  Gb  freertos.o [1]
upper_proc_task::cnt    0x2000'7894     0x4  Data  Lc  freertos.o [1]
upper_protocol_parsing   0x800'85d5    0x80  Code  Lc  UpperComm.o [1]
uwTick                  0x2000'78b8     0x4  Data  Gb  stm32f4xx_hal.o [1]
uwTickFreq              0x2000'0498     0x1  Data  Gb  stm32f4xx_hal.o [1]
uwTickPrio              0x2000'0004     0x4  Data  Gb  stm32f4xx_hal.o [1]
uxCriticalNesting       0x2000'0000     0x4  Data  Lc  port.o [1]
uxCurrentNumberOfTasks  0x2000'78cc     0x4  Data  Lc  tasks.o [1]
uxDeletedTasksWaitingCleanUp
                        0x2000'78c8     0x4  Data  Lc  tasks.o [1]
uxListRemove             0x800'437d    0x28  Code  Gb  list.o [1]
uxPendedTicks           0x2000'78dc     0x4  Data  Lc  tasks.o [1]
uxSchedulerSuspended    0x2000'78f4     0x4  Data  Lc  tasks.o [1]
uxTaskNumber            0x2000'78e8     0x4  Data  Lc  tasks.o [1]
uxTopReadyPriority      0x2000'78d4     0x4  Data  Lc  tasks.o [1]
vApplicationGetIdleTaskMemory
                         0x800'47d1     0xe  Code  Gb  cmsis_os2.o [1]
vApplicationGetTimerTaskMemory
                         0x800'47df    0x10  Code  Gb  cmsis_os2.o [1]
vListInitialise          0x800'430b    0x1e  Code  Gb  list.o [1]
vListInitialiseItem      0x800'4329     0x6  Code  Gb  list.o [1]
vListInsert              0x800'4347    0x36  Code  Gb  list.o [1]
vListInsertEnd           0x800'432f    0x18  Code  Gb  list.o [1]
vPortEnableVFP           0x800'4d69          Code  Gb  portasm.o [1]
vPortEnterCritical       0x800'44c5    0x34  Code  Gb  port.o [1]
vPortExitCritical        0x800'44f9    0x2c  Code  Gb  port.o [1]
vPortFree                0x800'4151    0x74  Code  Gb  heap_4.o [1]
vPortStartFirstTask      0x800'4d49          Code  Gb  portasm.o [1]
vPortValidateInterruptPriority
                         0x800'454d    0x4e  Code  Gb  port.o [1]
vQueueAddToRegistry      0x800'5759    0x26  Code  Gb  queue.o [1]
vQueueWaitForMessageRestricted
                         0x800'5785    0x4c  Code  Gb  queue.o [1]
vTaskDelay               0x800'36ed    0x4e  Code  Gb  tasks.o [1]
vTaskInternalSetTimeOutState
                         0x800'3b65    0x12  Code  Gb  tasks.o [1]
vTaskMissedYield         0x800'3c0b     0xa  Code  Gb  tasks.o [1]
vTaskPlaceOnEventList    0x800'3a4b    0x34  Code  Gb  tasks.o [1]
vTaskPlaceOnEventListRestricted
                         0x800'3a91    0x40  Code  Gb  tasks.o [1]
vTaskPriorityDisinheritAfterTimeout
                         0x800'3e91    0xca  Code  Gb  tasks.o [1]
vTaskStartScheduler      0x800'373b    0x9a  Code  Gb  tasks.o [1]
vTaskSuspendAll          0x800'37d5     0xc  Code  Gb  tasks.o [1]
vTaskSwitchContext       0x800'39d9    0x72  Code  Gb  tasks.o [1]
xActiveTimerList1       0x2000'7850    0x14  Data  Lc  timers.o [1]
xActiveTimerList2       0x2000'7864    0x14  Data  Lc  timers.o [1]
xBlockAllocatedBit      0x2000'78b0     0x4  Data  Lc  heap_4.o [1]
xDelayedTaskList1       0x2000'77ec    0x14  Data  Lc  tasks.o [1]
xDelayedTaskList2       0x2000'7800    0x14  Data  Lc  tasks.o [1]
xFreeBytesRemaining     0x2000'78a8     0x4  Data  Lc  heap_4.o [1]
xHeapStructSize          0x800'8db4     0x4  Data  Lc  heap_4.o [1]
xIdleTaskHandle         0x2000'78f0     0x4  Data  Lc  tasks.o [1]
xMinimumEverFreeBytesRemaining
                        0x2000'78ac     0x4  Data  Lc  heap_4.o [1]
xNextTaskUnblockTime    0x2000'78ec     0x4  Data  Lc  tasks.o [1]
xNumOfOverflows         0x2000'78e4     0x4  Data  Lc  tasks.o [1]
xPendingReadyList       0x2000'7814    0x14  Data  Lc  tasks.o [1]
xPortStartScheduler      0x800'43f7    0xce  Code  Gb  port.o [1]
xQueueGenericCreate      0x800'4edb    0x5c  Code  Gb  queue.o [1]
xQueueGenericCreateStatic
                         0x800'4e19    0xc2  Code  Gb  queue.o [1]
xQueueGenericReset       0x800'4d85    0x94  Code  Gb  queue.o [1]
xQueueGenericSend        0x800'4f6d   0x1a6  Code  Gb  queue.o [1]
xQueueGenericSendFromISR
                         0x800'5113    0xe0  Code  Gb  queue.o [1]
xQueueGiveFromISR        0x800'51f3    0xc4  Code  Gb  queue.o [1]
xQueueReceive            0x800'52b7   0x16a  Code  Gb  queue.o [1]
xQueueRegistry          0x2000'7694    0x40  Data  Gb  queue.o [1]
xQueueSemaphoreTake      0x800'5421   0x1a2  Code  Gb  queue.o [1]
xSchedulerRunning       0x2000'78d8     0x4  Data  Lc  tasks.o [1]
xStart                  0x2000'7878     0x8  Data  Lc  heap_4.o [1]
xSuspendedTaskList      0x2000'783c    0x14  Data  Lc  tasks.o [1]
xTaskCheckForTimeOut     0x800'3b7d    0x8e  Code  Gb  tasks.o [1]
xTaskCreate              0x800'34ef    0x7a  Code  Gb  tasks.o [1]
xTaskCreateStatic        0x800'3451    0x9e  Code  Gb  tasks.o [1]
xTaskGetSchedulerState   0x800'3d43    0x20  Code  Gb  tasks.o [1]
xTaskGetTickCount        0x800'38c7     0x8  Code  Gb  tasks.o [1]
xTaskIncrementTick       0x800'38cf   0x10a  Code  Gb  tasks.o [1]
xTaskPriorityDisinherit
                         0x800'3df3    0x8e  Code  Gb  tasks.o [1]
xTaskPriorityInherit     0x800'3d63    0x90  Code  Gb  tasks.o [1]
xTaskRemoveFromEventList
                         0x800'3ad9    0x82  Code  Gb  tasks.o [1]
xTaskResumeAll           0x800'37e1    0xe6  Code  Gb  tasks.o [1]
xTasksWaitingTermination
                        0x2000'7828    0x14  Data  Lc  tasks.o [1]
xTickCount              0x2000'78d0     0x4  Data  Lc  tasks.o [1]
xTimerCreateTimerTask    0x800'4801    0x6c  Code  Gb  timers.o [1]
xTimerGenericCommand     0x800'486d    0x82  Code  Gb  timers.o [1]
xTimerQueue             0x2000'7900     0x4  Data  Lc  timers.o [1]
xTimerTaskHandle        0x2000'7904     0x4  Data  Lc  timers.o [1]
xYieldPending           0x2000'78e0     0x4  Data  Lc  tasks.o [1]


[1] = C:\PRJ\STM32F429_FreeRTOS_MCU0\EWARM\STM32F429_FreeRTOS_DEMO\Obj
[2] = dl7M_tlf.a
[3] = m7M_tls.a
[4] = rt7M_tl.a
[5] = shb_l.a

  35 893 bytes of readonly  code memory
   1 011 bytes of readonly  data memory
  32 534 bytes of readwrite data memory

Errors: none
Warnings: none
