###############################################################################
#
# IAR ELF Linker V8.32.1.169/W32 for ARM                  07/Aug/2020  18:29:50
# Copyright 2007-2018 IAR Systems AB.
#
#    Output file  =  
#        C:\STM32F103_IAR\STM32F103_IAR\Project\Debug\Exe\project.out
#    Map file     =  
#        C:\STM32F103_IAR\STM32F103_IAR\Project\Debug\List\project.map
#    Command line =  
#        -f C:\Users\LJH\AppData\Local\Temp\EW1F3A.tmp
#        (C:\STM32F103_IAR\STM32F103_IAR\Project\Debug\Obj\delay.o
#        C:\STM32F103_IAR\STM32F103_IAR\Project\Debug\Obj\led.o
#        C:\STM32F103_IAR\STM32F103_IAR\Project\Debug\Obj\main.o
#        C:\STM32F103_IAR\STM32F103_IAR\Project\Debug\Obj\misc.o
#        C:\STM32F103_IAR\STM32F103_IAR\Project\Debug\Obj\startup_stm32f10x_hd.o
#        C:\STM32F103_IAR\STM32F103_IAR\Project\Debug\Obj\stm32f10x_adc.o
#        C:\STM32F103_IAR\STM32F103_IAR\Project\Debug\Obj\stm32f10x_bkp.o
#        C:\STM32F103_IAR\STM32F103_IAR\Project\Debug\Obj\stm32f10x_can.o
#        C:\STM32F103_IAR\STM32F103_IAR\Project\Debug\Obj\stm32f10x_cec.o
#        C:\STM32F103_IAR\STM32F103_IAR\Project\Debug\Obj\stm32f10x_crc.o
#        C:\STM32F103_IAR\STM32F103_IAR\Project\Debug\Obj\stm32f10x_dac.o
#        C:\STM32F103_IAR\STM32F103_IAR\Project\Debug\Obj\stm32f10x_dbgmcu.o
#        C:\STM32F103_IAR\STM32F103_IAR\Project\Debug\Obj\stm32f10x_dma.o
#        C:\STM32F103_IAR\STM32F103_IAR\Project\Debug\Obj\stm32f10x_exti.o
#        C:\STM32F103_IAR\STM32F103_IAR\Project\Debug\Obj\stm32f10x_flash.o
#        C:\STM32F103_IAR\STM32F103_IAR\Project\Debug\Obj\stm32f10x_fsmc.o
#        C:\STM32F103_IAR\STM32F103_IAR\Project\Debug\Obj\stm32f10x_gpio.o
#        C:\STM32F103_IAR\STM32F103_IAR\Project\Debug\Obj\stm32f10x_i2c.o
#        C:\STM32F103_IAR\STM32F103_IAR\Project\Debug\Obj\stm32f10x_it.o
#        C:\STM32F103_IAR\STM32F103_IAR\Project\Debug\Obj\stm32f10x_iwdg.o
#        C:\STM32F103_IAR\STM32F103_IAR\Project\Debug\Obj\stm32f10x_pwr.o
#        C:\STM32F103_IAR\STM32F103_IAR\Project\Debug\Obj\stm32f10x_rcc.o
#        C:\STM32F103_IAR\STM32F103_IAR\Project\Debug\Obj\stm32f10x_rtc.o
#        C:\STM32F103_IAR\STM32F103_IAR\Project\Debug\Obj\stm32f10x_sdio.o
#        C:\STM32F103_IAR\STM32F103_IAR\Project\Debug\Obj\stm32f10x_spi.o
#        C:\STM32F103_IAR\STM32F103_IAR\Project\Debug\Obj\stm32f10x_tim.o
#        C:\STM32F103_IAR\STM32F103_IAR\Project\Debug\Obj\stm32f10x_usart.o
#        C:\STM32F103_IAR\STM32F103_IAR\Project\Debug\Obj\stm32f10x_wwdg.o
#        C:\STM32F103_IAR\STM32F103_IAR\Project\Debug\Obj\system_stm32f10x.o
#        C:\STM32F103_IAR\STM32F103_IAR\Project\Debug\Obj\usart.o --redirect
#        _Printf=_PrintfFull --redirect _Scanf=_ScanfFull --no_out_extension -o
#        C:\STM32F103_IAR\STM32F103_IAR\Project\Debug\Exe\project.out --map
#        C:\STM32F103_IAR\STM32F103_IAR\Project\Debug\List\project.map --config
#        C:\STM32F103_IAR\STM32F103_IAR\Project\..\ICF\stm32f10x_flash.icf
#        --entry __iar_program_start --vfe --text_out locale)
#
###############################################################################

*******************************************************************************
*** RUNTIME MODEL ATTRIBUTES
***

CppFlavor       = *
__SystemLibrary = DLib
__dlib_version  = 6


*******************************************************************************
*** HEAP SELECTION
***

The basic heap was selected because no calls to memory allocation
functions were found in the application outside of system library
functions, and there are calls to deallocation functions in the
application.


*******************************************************************************
*** PLACEMENT SUMMARY
***

"A0":  place at 0x800'0000 { ro section .intvec };
"P1":  place in [from 0x800'0000 to 0x80f'ffff] { ro };
define block CSTACK with size = 1K, alignment = 8 { };
define block HEAP with size = 512, alignment = 8 { };
"P2":  place in [from 0x2000'0000 to 0x2001'7fff] {
          rw, block CSTACK, block HEAP };
initialize by copy { rw };

  Section            Kind         Address    Size  Object
  -------            ----         -------    ----  ------
"A0":                                       0x130
  .intvec            ro code   0x800'0000   0x130  startup_stm32f10x_hd.o [1]
                             - 0x800'0130   0x130

"P1":                                      0x27ac
  .text              ro code   0x800'0130   0xf46  xprintffull.o [2]
  .text              ro code   0x800'1076    0x7a  lz77_init_single.o [4]
  .text              ro code   0x800'10f0    0x78  xlocale_c.o [2]
  .text              ro code   0x800'1168    0x16  strchr.o [4]
  .text              ro code   0x800'117e    0x3a  zero_init3.o [4]
  .text              ro code   0x800'11b8    0x40  xfail_s.o [2]
  .text              ro code   0x800'11f8    0x36  strlen.o [4]
  .text              ro code   0x800'122e    0x1e  xencoding_8859_1.o [2]
  .text              ro code   0x800'124c    0x58  memchr.o [4]
  .text              ro code   0x800'12a4     0xa  xmbcurmax.o [2]
  .text              ro code   0x800'12ae    0x12  stm32f10x_it.o [1]
  .text              ro code   0x800'12c0    0xa6  ABImemcpy.o [4]
  .text              ro code   0x800'1368   0x230  I64DivMod.o [4]
  .text              ro code   0x800'1598   0x1a2  DblMul.o [3]
  .text              ro code   0x800'173c    0x70  frexp.o [3]
  .text              ro code   0x800'17ac    0x2e  DblCmpLe.o [3]
  .text              ro code   0x800'17dc    0x2e  DblCmpGe.o [3]
  .text              ro code   0x800'180c   0x13a  ldexp.o [3]
  .text              ro code   0x800'1948    0x3a  DblToS32.o [3]
  .text              ro code   0x800'1984    0x22  S32ToDbl.o [3]
  .text              ro code   0x800'19a8    0xe2  DblSub.o [3]
  .text              ro code   0x800'1a8c   0x246  DblDiv.o [3]
  .text              ro code   0x800'1cd4    0x28  DblToU32.o [3]
  .text              ro code   0x800'1cfc    0x1a  U32ToDbl.o [3]
  .text              ro code   0x800'1d16     0x6  abort.o [2]
  .text              ro code   0x800'1d1c     0x2  I64DivZer.o [4]
  .text              ro code   0x800'1d20   0x16a  DblAdd.o [3]
  .text              ro code   0x800'1e8c     0xc  XXexit.o [4]
  .text              ro code   0x800'1e98   0x1dc  stm32f10x_usart.o [1]
  .text              ro code   0x800'2074   0x10c  stm32f10x_rcc.o [1]
  .text              ro code   0x800'2180   0x13c  usart.o [1]
  .text              ro code   0x800'22bc    0xfc  stm32f10x_gpio.o [1]
  .text              ro code   0x800'23b8    0xa8  misc.o [1]
  .text              ro code   0x800'2460   0x118  system_stm32f10x.o [1]
  .text              ro code   0x800'2578    0x80  delay.o [1]
  .text              ro code   0x800'25f8    0x54  led.o [1]
  .text              ro code   0x800'264c    0x44  main.o [1]
  .text              ro code   0x800'2690    0x28  printf.o [2]
  .text              ro code   0x800'26b8    0x28  data_init.o [4]
  .iar.init_table    const     0x800'26e0    0x20  - Linker created -
  .text              ro code   0x800'2700    0x1e  cmain.o [4]
  .text              ro code   0x800'271e     0x4  low_level_init.o [2]
  .text              ro code   0x800'2722     0x4  exit.o [2]
  .text              ro code   0x800'2728     0xa  cexit.o [4]
  .rodata            const     0x800'2734    0x18  main.o [1]
  .text              ro code   0x800'274c    0x16  xprout.o [2]
  .text              ro code   0x800'2764     0xc  putchar.o [2]
  .text              ro code   0x800'2770    0x10  startup_stm32f10x_hd.o [1]
  .text              ro code   0x800'2780     0xc  cstartup_M.o [4]
  .rodata            const     0x800'278c     0x6  xlocale_c.o [2]
  .text              ro code   0x800'2792     0x4  startup_stm32f10x_hd.o [1]
  .text              ro code   0x800'2796     0x4  startup_stm32f10x_hd.o [1]
  .text              ro code   0x800'279a     0x4  startup_stm32f10x_hd.o [1]
  .text              ro code   0x800'279e     0x4  startup_stm32f10x_hd.o [1]
  .text              ro code   0x800'27a2     0x4  startup_stm32f10x_hd.o [1]
  .text              ro code   0x800'27a6     0x4  startup_stm32f10x_hd.o [1]
  .text              ro code   0x800'27aa     0x4  startup_stm32f10x_hd.o [1]
  .text              ro code   0x800'27ae     0x4  startup_stm32f10x_hd.o [1]
  .text              ro code   0x800'27b2     0x4  startup_stm32f10x_hd.o [1]
  .text              ro code   0x800'27b6     0x4  startup_stm32f10x_hd.o [1]
  .text              ro code   0x800'27ba     0x4  startup_stm32f10x_hd.o [1]
  .text              ro code   0x800'27be     0x4  startup_stm32f10x_hd.o [1]
  .text              ro code   0x800'27c2     0x4  startup_stm32f10x_hd.o [1]
  .text              ro code   0x800'27c6     0x4  startup_stm32f10x_hd.o [1]
  .text              ro code   0x800'27ca     0x4  startup_stm32f10x_hd.o [1]
  .text              ro code   0x800'27ce     0x4  startup_stm32f10x_hd.o [1]
  .text              ro code   0x800'27d2     0x4  startup_stm32f10x_hd.o [1]
  .text              ro code   0x800'27d6     0x4  startup_stm32f10x_hd.o [1]
  .text              ro code   0x800'27da     0x4  startup_stm32f10x_hd.o [1]
  .text              ro code   0x800'27de     0x4  startup_stm32f10x_hd.o [1]
  .text              ro code   0x800'27e2     0x4  startup_stm32f10x_hd.o [1]
  .text              ro code   0x800'27e6     0x4  startup_stm32f10x_hd.o [1]
  .text              ro code   0x800'27ea     0x4  startup_stm32f10x_hd.o [1]
  .text              ro code   0x800'27ee     0x4  startup_stm32f10x_hd.o [1]
  .text              ro code   0x800'27f2     0x4  startup_stm32f10x_hd.o [1]
  .text              ro code   0x800'27f6     0x4  startup_stm32f10x_hd.o [1]
  .text              ro code   0x800'27fa     0x4  startup_stm32f10x_hd.o [1]
  .text              ro code   0x800'27fe     0x4  startup_stm32f10x_hd.o [1]
  .text              ro code   0x800'2802     0x4  startup_stm32f10x_hd.o [1]
  .text              ro code   0x800'2806     0x4  startup_stm32f10x_hd.o [1]
  .text              ro code   0x800'280a     0x4  startup_stm32f10x_hd.o [1]
  .text              ro code   0x800'280e     0x4  startup_stm32f10x_hd.o [1]
  .text              ro code   0x800'2812     0x4  startup_stm32f10x_hd.o [1]
  .text              ro code   0x800'2816     0x4  startup_stm32f10x_hd.o [1]
  .text              ro code   0x800'281a     0x4  startup_stm32f10x_hd.o [1]
  .text              ro code   0x800'281e     0x4  startup_stm32f10x_hd.o [1]
  .text              ro code   0x800'2822     0x4  startup_stm32f10x_hd.o [1]
  .text              ro code   0x800'2826     0x4  startup_stm32f10x_hd.o [1]
  .text              ro code   0x800'282a     0x4  startup_stm32f10x_hd.o [1]
  .text              ro code   0x800'282e     0x4  startup_stm32f10x_hd.o [1]
  .text              ro code   0x800'2832     0x4  startup_stm32f10x_hd.o [1]
  .text              ro code   0x800'2836     0x4  startup_stm32f10x_hd.o [1]
  .text              ro code   0x800'283a     0x4  startup_stm32f10x_hd.o [1]
  .text              ro code   0x800'283e     0x4  startup_stm32f10x_hd.o [1]
  .text              ro code   0x800'2842     0x4  startup_stm32f10x_hd.o [1]
  .text              ro code   0x800'2846     0x4  startup_stm32f10x_hd.o [1]
  .text              ro code   0x800'284a     0x4  startup_stm32f10x_hd.o [1]
  .text              ro code   0x800'284e     0x4  startup_stm32f10x_hd.o [1]
  .text              ro code   0x800'2852     0x4  startup_stm32f10x_hd.o [1]
  .text              ro code   0x800'2856     0x4  startup_stm32f10x_hd.o [1]
  .text              ro code   0x800'285a     0x4  startup_stm32f10x_hd.o [1]
  .text              ro code   0x800'285e     0x4  startup_stm32f10x_hd.o [1]
  .text              ro code   0x800'2862     0x4  startup_stm32f10x_hd.o [1]
  .text              ro code   0x800'2866     0x4  startup_stm32f10x_hd.o [1]
  .text              ro code   0x800'286a     0x4  startup_stm32f10x_hd.o [1]
  .text              ro code   0x800'286e     0x4  startup_stm32f10x_hd.o [1]
  .text              ro code   0x800'2872     0x4  startup_stm32f10x_hd.o [1]
  .text              ro code   0x800'2876     0x4  startup_stm32f10x_hd.o [1]
  .text              ro code   0x800'287a     0x4  startup_stm32f10x_hd.o [1]
  .rodata            const     0x800'287e     0x0  zero_init3.o [4]
  .rodata            const     0x800'287e     0x0  lz77_init_single.o [4]
  Initializer bytes  const     0x800'287e    0x5e  <for P2-1>
                             - 0x800'28dc  0x27ac

"P2", part 1 of 3:                           0xe0
  P2-1                        0x2000'0000    0xe0  <Init block>
    .data            inited   0x2000'0000    0x10  stm32f10x_rcc.o [1]
    .data            inited   0x2000'0010     0x4  stm32f10x_rcc.o [1]
    .data            inited   0x2000'0014     0x4  system_stm32f10x.o [1]
    .data            inited   0x2000'0018    0x38  xlocale_c.o [2]
    .data            inited   0x2000'0050    0x48  xlocale_c.o [2]
    .data            inited   0x2000'0098    0x48  xfiles.o [2]
                            - 0x2000'00e0    0xe0

"P2", part 2 of 3:                          0x124
  .bss               zero     0x2000'00e0    0xc8  usart.o [1]
  .bss               zero     0x2000'01a8    0x50  xfiles.o [2]
  .bss               zero     0x2000'01f8     0x4  xfail_s.o [2]
  .bss               zero     0x2000'01fc     0x2  delay.o [1]
  .bss               zero     0x2000'01fe     0x2  usart.o [1]
  .bss               zero     0x2000'0200     0x1  delay.o [1]
                            - 0x2000'0201   0x121

"P2", part 3 of 3:                          0x400
  CSTACK                      0x2000'0208   0x400  <Block>
    CSTACK           uninit   0x2000'0208   0x400  <Block tail>
                            - 0x2000'0608   0x400

Unused ranges:

         From           To      Size
         ----           --      ----
   0x800'28dc   0x80f'ffff  0xf'd724
  0x2000'0204  0x2000'0207       0x4
  0x2000'0608  0x2001'7fff  0x1'79f8


*******************************************************************************
*** INIT TABLE
***

          Address      Size
          -------      ----
Zero (__iar_zero_init3)
    1 destination range, total size 0x121:
          0x2000'00e0  0x121

Copy/lz77 (__iar_lz77_init_single3)
    1 source range, total size 0x5e (41% of destination):
           0x800'287e   0x5e
    1 destination range, total size 0xe0:
          0x2000'0000   0xe0



*******************************************************************************
*** MODULE SUMMARY
***

    Module                  ro code  ro data  rw data
    ------                  -------  -------  -------
command line/config:
    -------------------------------------------------
    Total:

C:\STM32F103_IAR\STM32F103_IAR\Project\Debug\Obj: [1]
    delay.o                     128                 3
    led.o                        84
    main.o                       68       24
    misc.o                      168
    startup_stm32f10x_hd.o      556
    stm32f10x_gpio.o            252
    stm32f10x_it.o               18
    stm32f10x_rcc.o             268        8       20
    stm32f10x_usart.o           476
    system_stm32f10x.o          280        2        4
    usart.o                     316               202
    -------------------------------------------------
    Total:                    2 614       34      229

dl7M_tlf.a: [2]
    abort.o                       6
    exit.o                        4
    low_level_init.o              4
    printf.o                     40
    putchar.o                    12
    xencoding_8859_1.o           30
    xfail_s.o                    64                 4
    xfiles.o                              31      152
    xlocale_c.o                 120       59      128
    xmbcurmax.o                  10
    xprintffull.o             3 910
    xprout.o                     22
    -------------------------------------------------
    Total:                    4 222       90      284

m7M_tl.a: [3]
    DblAdd.o                    362
    DblCmpGe.o                   46
    DblCmpLe.o                   46
    DblDiv.o                    582
    DblMul.o                    418
    DblSub.o                    226
    DblToS32.o                   58
    DblToU32.o                   40
    S32ToDbl.o                   34
    U32ToDbl.o                   26
    frexp.o                     112
    ldexp.o                     314
    -------------------------------------------------
    Total:                    2 264

rt7M_tl.a: [4]
    ABImemcpy.o                 166
    I64DivMod.o                 560
    I64DivZer.o                   2
    XXexit.o                     12
    cexit.o                      10
    cmain.o                      30
    cstartup_M.o                 12
    data_init.o                  40
    lz77_init_single.o          122
    memchr.o                     88
    strchr.o                     22
    strlen.o                     54
    zero_init3.o                 58
    -------------------------------------------------
    Total:                    1 176

    Gaps                         26        2
    Linker created                        32    1 024
-----------------------------------------------------
    Grand Total:             10 302      158    1 537


*******************************************************************************
*** ENTRY LIST
***

Entry                       Address   Size  Type      Object
-----                       -------   ----  ----      ------
.iar.init_table$$Base    0x800'26e0          --   Gb  - Linker created -
.iar.init_table$$Limit   0x800'2700          --   Gb  - Linker created -
?main                    0x800'2701         Code  Gb  cmain.o [4]
ADCPrescTable           0x2000'0010    0x4  Data  Lc  stm32f10x_rcc.o [1]
APBAHBPrescTable        0x2000'0000   0x10  Data  Lc  stm32f10x_rcc.o [1]
BusFault_Handler         0x800'12b5    0x2  Code  Gb  stm32f10x_it.o [1]
CSTACK$$Base            0x2000'0208          --   Gb  - Linker created -
CSTACK$$Limit           0x2000'0608          --   Gb  - Linker created -
CacheMore                0x800'10f5   0x24  Code  Lc  xlocale_c.o [2]
DebugMon_Handler         0x800'12bb    0x2  Code  Gb  stm32f10x_it.o [1]
GPIO_Init                0x800'22bd   0xf4  Code  Gb  stm32f10x_gpio.o [1]
GPIO_SetBits             0x800'23b1    0x8  Code  Gb  stm32f10x_gpio.o [1]
HardFault_Handler        0x800'12b1    0x2  Code  Gb  stm32f10x_it.o [1]
LED_Init                 0x800'25f9   0x54  Code  Gb  led.o [1]
LoadInt                  0x800'02f3   0x7a  Code  Lc  xprintffull.o [2]
MemManage_Handler        0x800'12b3    0x2  Code  Gb  stm32f10x_it.o [1]
NMI_Handler              0x800'12af    0x2  Code  Gb  stm32f10x_it.o [1]
NVIC_Init                0x800'23c3   0x68  Code  Gb  misc.o [1]
NVIC_PriorityGroupConfig
                         0x800'23b9    0xa  Code  Gb  misc.o [1]
PendSV_Handler           0x800'12bd    0x2  Code  Gb  stm32f10x_it.o [1]
RCC_APB2PeriphClockCmd   0x800'214d   0x1c  Code  Gb  stm32f10x_rcc.o [1]
RCC_GetClocksFreq        0x800'2075   0xd8  Code  Gb  stm32f10x_rcc.o [1]
Region$$Table$$Base      0x800'26e0          --   Gb  - Linker created -
Region$$Table$$Limit     0x800'2700          --   Gb  - Linker created -
SVC_Handler              0x800'12b9    0x2  Code  Gb  stm32f10x_it.o [1]
SetSysClock              0x800'24a5    0x8  Code  Lc  system_stm32f10x.o [1]
SetSysClockTo72          0x800'24ad   0xae  Code  Lc  system_stm32f10x.o [1]
SysTick_CLKSourceConfig
                         0x800'242b   0x1c  Code  Gb  misc.o [1]
SysTick_Handler          0x800'12bf    0x2  Code  Gb  stm32f10x_it.o [1]
SystemCoreClock         0x2000'0014    0x4  Data  Gb  system_stm32f10x.o [1]
SystemInit               0x800'2461   0x44  Code  Gb  system_stm32f10x.o [1]
USART1_IRQHandler        0x800'2237   0x6e  Code  Gb  usart.o [1]
USART_Cmd                0x800'1f75   0x1e  Code  Gb  stm32f10x_usart.o [1]
USART_GetITStatus        0x800'200b   0x6a  Code  Gb  stm32f10x_usart.o [1]
USART_ITConfig           0x800'1f93   0x70  Code  Gb  stm32f10x_usart.o [1]
USART_Init               0x800'1e99   0xd6  Code  Gb  stm32f10x_usart.o [1]
USART_RX_BUF            0x2000'00e0   0xc8  Data  Gb  usart.o [1]
USART_RX_STA            0x2000'01fe    0x2  Data  Gb  usart.o [1]
USART_ReceiveData        0x800'2003    0x8  Code  Gb  stm32f10x_usart.o [1]
UsageFault_Handler       0x800'12b7    0x2  Code  Gb  stm32f10x_it.o [1]
_Encoding_8859_1_Mbrlen
                         0x800'1241    0x2  Code  Gb  xencoding_8859_1.o [2]
_Encoding_8859_1_Wctomb
                         0x800'122f   0x12  Code  Gb  xencoding_8859_1.o [2]
_GenldFull               0x800'0d51  0x274  Code  Lc  xprintffull.o [2]
_LdtobFull               0x800'094d  0x3d6  Code  Lc  xprintffull.o [2]
_LitobFull               0x800'07fd  0x10a  Code  Lc  xprintffull.o [2]
_Locale_lconv           0x2000'0018   0x38  Data  Lc  xlocale_c.o [2]
_PrintfFull              0x800'0131  0x1aa  Code  Gb  xprintffull.o [2]
_Prout                   0x800'274d   0x16  Code  Gb  xprout.o [2]
_PutcharsFull            0x800'0fc5   0x2e  Code  Lc  xprintffull.o [2]
_PutfldFull              0x800'036d  0x2d4  Code  Lc  xprintffull.o [2]
_PutstrFull              0x800'0737   0xc6  Code  Lc  xprintffull.o [2]
_PuttxtFull              0x800'0641   0xf6  Code  Lc  xprintffull.o [2]
__aeabi_cdcmple          0x800'17ad         Code  Gb  DblCmpLe.o [3]
__aeabi_cdrcmple         0x800'17dd         Code  Gb  DblCmpGe.o [3]
__aeabi_d2iz             0x800'1949         Code  Gb  DblToS32.o [3]
__aeabi_d2uiz            0x800'1cd5         Code  Gb  DblToU32.o [3]
__aeabi_ddiv             0x800'1a8d         Code  Gb  DblDiv.o [3]
__aeabi_dmul             0x800'1599         Code  Gb  DblMul.o [3]
__aeabi_dsub             0x800'19a9         Code  Gb  DblSub.o [3]
__aeabi_i2d              0x800'1985         Code  Gb  S32ToDbl.o [3]
__aeabi_ldiv0            0x800'1d1d         Code  Gb  I64DivZer.o [4]
__aeabi_memcpy           0x800'12c1         Code  Gb  ABImemcpy.o [4]
__aeabi_memcpy4          0x800'12e1         Code  Gb  ABImemcpy.o [4]
__aeabi_memcpy8          0x800'12e1         Code  Gb  ABImemcpy.o [4]
__aeabi_ui2d             0x800'1cfd         Code  Gb  U32ToDbl.o [3]
__aeabi_uldivmod         0x800'1369         Code  Gb  I64DivMod.o [4]
__cmain                  0x800'2701         Code  Gb  cmain.o [4]
__exit                   0x800'1e8d         Code  Gb  XXexit.o [4]
__iar_Fail_s             0x800'11b9   0x1c  Code  Gb  xfail_s.o [2]
__iar_Mbcurmax           0x800'12a5    0xa  Code  Gb  xmbcurmax.o [2]
__iar_Memchr             0x800'124d         Code  Gb  memchr.o [4]
__iar_Stdout            0x2000'0098   0x48  Data  Gb  xfiles.o [2]
__iar_Strchr             0x800'1169         Code  Gb  strchr.o [4]
__iar_dadd               0x800'19b9         Code  Gb  DblSub.o [3]
__iar_data_init3         0x800'26b9   0x28  Code  Gb  data_init.o [4]
__iar_dsub               0x800'1d21         Code  Gb  DblAdd.o [3]
__iar_dsubStart          0x800'1d33         Code  Gb  DblAdd.o [3]
__iar_frexp              0x800'1749         Code  Gb  frexp.o [3]
__iar_frexp64            0x800'173d         Code  Gb  frexp.o [3]
__iar_frexpl             0x800'1749         Code  Gb  frexp.o [3]
__iar_globLocale        0x2000'0050   0x48  Data  Lc  xlocale_c.o [2]
__iar_global_Locale      0x800'10f1    0x4  Code  Gb  xlocale_c.o [2]
__iar_ldexp64            0x800'180d         Code  Gb  ldexp.o [3]
__iar_lz77_init_single3
                         0x800'1077   0x7a  Code  Gb  lz77_init_single.o [4]
__iar_program_start      0x800'2781         Code  Gb  cstartup_M.o [4]
__iar_scalbln64          0x800'180d         Code  Gb  ldexp.o [3]
__iar_scalbn64           0x800'180d         Code  Gb  ldexp.o [3]
__iar_zero_init3         0x800'117f   0x3a  Code  Gb  zero_init3.o [4]
__low_level_init         0x800'271f    0x4  Code  Gb  low_level_init.o [2]
__vector_table           0x800'0000         Data  Gb  startup_stm32f10x_hd.o [1]
_call_main               0x800'270d         Code  Gb  cmain.o [4]
_exit                    0x800'2729         Code  Gb  cexit.o [4]
_gLocale_mblen           0x800'1155    0x4  Code  Gb  xlocale_c.o [2]
_gLocale_mblenInt        0x800'1119   0x2c  Code  Gb  xlocale_c.o [2]
_gLocale_wctomb          0x800'1159    0x4  Code  Gb  xlocale_c.o [2]
_gLocale_wctombInt       0x800'1151    0x4  Code  Gb  xlocale_c.o [2]
_main                    0x800'271b         Code  Gb  cmain.o [4]
abort                    0x800'1d17    0x6  Code  Gb  abort.o [2]
delay_init               0x800'2579   0x26  Code  Gb  delay.o [1]
delay_ms                 0x800'259f   0x3c  Code  Gb  delay.o [1]
exit                     0x800'2723    0x4  Code  Gb  exit.o [2]
fac_ms                  0x2000'01fc    0x2  Data  Lc  delay.o [1]
fac_us                  0x2000'0200    0x1  Data  Lc  delay.o [1]
fputc                    0x800'2181   0x12  Code  Gb  usart.o [1]
frexp                    0x800'173d         Code  Gb  frexp.o [3]
frexpl                   0x800'173d         Code  Gb  frexp.o [3]
ldexp                    0x800'180d         Code  Gb  ldexp.o [3]
ldexpl                   0x800'180d         Code  Gb  ldexp.o [3]
localeconv               0x800'115d    0x4  Code  Gb  xlocale_c.o [2]
main                     0x800'264d   0x44  Code  Gb  main.o [1]
memchr                   0x800'124d         Code  Gb  memchr.o [4]
obuf                    0x2000'01a8   0x50  Data  Lc  xfiles.o [2]
printf                   0x800'2691   0x28  Code  Gb  printf.o [2]
putchar                  0x800'2765    0xc  Code  Gb  putchar.o [2]
scalbln                  0x800'180d         Code  Gb  ldexp.o [3]
scalblnl                 0x800'180d         Code  Gb  ldexp.o [3]
scalbn                   0x800'180d         Code  Gb  ldexp.o [3]
scalbnl                  0x800'180d         Code  Gb  ldexp.o [3]
scale                    0x800'0907   0x46  Code  Lc  xprintffull.o [2]
sec_hand                0x2000'01f8    0x4  Data  Lc  xfail_s.o [2]
strchr                   0x800'1169         Code  Gb  strchr.o [4]
strlen                   0x800'11f9         Code  Gb  strlen.o [4]
uart_init                0x800'2193   0xa4  Code  Gb  usart.o [1]


[1] = C:\STM32F103_IAR\STM32F103_IAR\Project\Debug\Obj
[2] = dl7M_tlf.a
[3] = m7M_tl.a
[4] = rt7M_tl.a

  10 302 bytes of readonly  code memory
     158 bytes of readonly  data memory
   1 537 bytes of readwrite data memory

Errors: none
Warnings: none
