###############################################################################
#
# IAR ELF Linker V8.32.1.169/W32 for ARM                  07/Sep/2020  15:55:22
# Copyright 2007-2018 IAR Systems AB.
#
#    Output file  =  
#        C:\PRJ\IAR-Simple-For-F103-master\IAR-Simple-For-F103-master\STM32F103__IAR_Template\Project\Debug\Exe\Template.out
#    Map file     =  
#        C:\PRJ\IAR-Simple-For-F103-master\IAR-Simple-For-F103-master\STM32F103__IAR_Template\Project\Debug\List\Template.map
#    Command line =  
#        -f C:\Users\LJH\AppData\Local\Temp\EWC919.tmp
#        (C:\PRJ\IAR-Simple-For-F103-master\IAR-Simple-For-F103-master\STM32F103__IAR_Template\Project\Debug\Obj\delay.o
#        C:\PRJ\IAR-Simple-For-F103-master\IAR-Simple-For-F103-master\STM32F103__IAR_Template\Project\Debug\Obj\driver.o
#        C:\PRJ\IAR-Simple-For-F103-master\IAR-Simple-For-F103-master\STM32F103__IAR_Template\Project\Debug\Obj\led.o
#        C:\PRJ\IAR-Simple-For-F103-master\IAR-Simple-For-F103-master\STM32F103__IAR_Template\Project\Debug\Obj\main.o
#        C:\PRJ\IAR-Simple-For-F103-master\IAR-Simple-For-F103-master\STM32F103__IAR_Template\Project\Debug\Obj\misc.o
#        C:\PRJ\IAR-Simple-For-F103-master\IAR-Simple-For-F103-master\STM32F103__IAR_Template\Project\Debug\Obj\startup_stm32f10x_hd.o
#        C:\PRJ\IAR-Simple-For-F103-master\IAR-Simple-For-F103-master\STM32F103__IAR_Template\Project\Debug\Obj\stm32f10x_adc.o
#        C:\PRJ\IAR-Simple-For-F103-master\IAR-Simple-For-F103-master\STM32F103__IAR_Template\Project\Debug\Obj\stm32f10x_bkp.o
#        C:\PRJ\IAR-Simple-For-F103-master\IAR-Simple-For-F103-master\STM32F103__IAR_Template\Project\Debug\Obj\stm32f10x_can.o
#        C:\PRJ\IAR-Simple-For-F103-master\IAR-Simple-For-F103-master\STM32F103__IAR_Template\Project\Debug\Obj\stm32f10x_cec.o
#        C:\PRJ\IAR-Simple-For-F103-master\IAR-Simple-For-F103-master\STM32F103__IAR_Template\Project\Debug\Obj\stm32f10x_crc.o
#        C:\PRJ\IAR-Simple-For-F103-master\IAR-Simple-For-F103-master\STM32F103__IAR_Template\Project\Debug\Obj\stm32f10x_dac.o
#        C:\PRJ\IAR-Simple-For-F103-master\IAR-Simple-For-F103-master\STM32F103__IAR_Template\Project\Debug\Obj\stm32f10x_dbgmcu.o
#        C:\PRJ\IAR-Simple-For-F103-master\IAR-Simple-For-F103-master\STM32F103__IAR_Template\Project\Debug\Obj\stm32f10x_dma.o
#        C:\PRJ\IAR-Simple-For-F103-master\IAR-Simple-For-F103-master\STM32F103__IAR_Template\Project\Debug\Obj\stm32f10x_exti.o
#        C:\PRJ\IAR-Simple-For-F103-master\IAR-Simple-For-F103-master\STM32F103__IAR_Template\Project\Debug\Obj\stm32f10x_flash.o
#        C:\PRJ\IAR-Simple-For-F103-master\IAR-Simple-For-F103-master\STM32F103__IAR_Template\Project\Debug\Obj\stm32f10x_fsmc.o
#        C:\PRJ\IAR-Simple-For-F103-master\IAR-Simple-For-F103-master\STM32F103__IAR_Template\Project\Debug\Obj\stm32f10x_gpio.o
#        C:\PRJ\IAR-Simple-For-F103-master\IAR-Simple-For-F103-master\STM32F103__IAR_Template\Project\Debug\Obj\stm32f10x_i2c.o
#        C:\PRJ\IAR-Simple-For-F103-master\IAR-Simple-For-F103-master\STM32F103__IAR_Template\Project\Debug\Obj\stm32f10x_it.o
#        C:\PRJ\IAR-Simple-For-F103-master\IAR-Simple-For-F103-master\STM32F103__IAR_Template\Project\Debug\Obj\stm32f10x_iwdg.o
#        C:\PRJ\IAR-Simple-For-F103-master\IAR-Simple-For-F103-master\STM32F103__IAR_Template\Project\Debug\Obj\stm32f10x_pwr.o
#        C:\PRJ\IAR-Simple-For-F103-master\IAR-Simple-For-F103-master\STM32F103__IAR_Template\Project\Debug\Obj\stm32f10x_rcc.o
#        C:\PRJ\IAR-Simple-For-F103-master\IAR-Simple-For-F103-master\STM32F103__IAR_Template\Project\Debug\Obj\stm32f10x_rtc.o
#        C:\PRJ\IAR-Simple-For-F103-master\IAR-Simple-For-F103-master\STM32F103__IAR_Template\Project\Debug\Obj\stm32f10x_sdio.o
#        C:\PRJ\IAR-Simple-For-F103-master\IAR-Simple-For-F103-master\STM32F103__IAR_Template\Project\Debug\Obj\stm32f10x_spi.o
#        C:\PRJ\IAR-Simple-For-F103-master\IAR-Simple-For-F103-master\STM32F103__IAR_Template\Project\Debug\Obj\stm32f10x_tim.o
#        C:\PRJ\IAR-Simple-For-F103-master\IAR-Simple-For-F103-master\STM32F103__IAR_Template\Project\Debug\Obj\stm32f10x_usart.o
#        C:\PRJ\IAR-Simple-For-F103-master\IAR-Simple-For-F103-master\STM32F103__IAR_Template\Project\Debug\Obj\stm32f10x_wwdg.o
#        C:\PRJ\IAR-Simple-For-F103-master\IAR-Simple-For-F103-master\STM32F103__IAR_Template\Project\Debug\Obj\sys.o
#        C:\PRJ\IAR-Simple-For-F103-master\IAR-Simple-For-F103-master\STM32F103__IAR_Template\Project\Debug\Obj\system_stm32f10x.o
#        C:\PRJ\IAR-Simple-For-F103-master\IAR-Simple-For-F103-master\STM32F103__IAR_Template\Project\Debug\Obj\usart.o
#        --redirect _Printf=_PrintfFull --redirect _Scanf=_ScanfFull
#        --no_out_extension -o
#        C:\PRJ\IAR-Simple-For-F103-master\IAR-Simple-For-F103-master\STM32F103__IAR_Template\Project\Debug\Exe\Template.out
#        --map
#        C:\PRJ\IAR-Simple-For-F103-master\IAR-Simple-For-F103-master\STM32F103__IAR_Template\Project\Debug\List\Template.map
#        --config "C:\Program Files (x86)\IAR Systems\Embedded Workbench
#        8.2\arm\config\linker\ST\stm32f103xC.icf" --entry __iar_program_start
#        --vfe --text_out locale)
#
###############################################################################

*******************************************************************************
*** RUNTIME MODEL ATTRIBUTES
***

CppFlavor       = *
__Heap_Handler  = DLMalloc
__SystemLibrary = DLib
__dlib_version  = 6


*******************************************************************************
*** HEAP SELECTION
***

The advanced heap was selected because the application calls memory
allocation functions outside of system library functions, and there
are calls to deallocation functions in the application.


*******************************************************************************
*** PLACEMENT SUMMARY
***

"A0":  place at 0x800'0000 { ro section .intvec };
"P1":  place in [from 0x800'0000 to 0x803'ffff] { ro };
define block CSTACK with size = 4K, alignment = 8 { };
define block HEAP with size = 4K, alignment = 8 { };
"P2":  place in [from 0x2000'0000 to 0x2000'bfff] {
          rw, block CSTACK, block HEAP };
initialize by copy { rw };

  Section            Kind         Address    Size  Object
  -------            ----         -------    ----  ------
"A0":                                       0x130
  .intvec            ro code   0x800'0000   0x130  startup_stm32f10x_hd.o [1]
                             - 0x800'0130   0x130

"P1":                                      0x479d
  .text              ro code   0x800'0130  0x14e0  dlmalloc.o [2]
  .text              ro code   0x800'1610     0x6  abort.o [2]
  .text              ro code   0x800'1616    0x7a  lz77_init_single.o [4]
  .text              ro code   0x800'1690    0x2c  xgetmemchunk.o [2]
  .text              ro code   0x800'16bc     0xc  XXexit.o [4]
  .text              ro code   0x800'16c8   0xf46  xprintffull.o [2]
  .text              ro code   0x800'260e    0x3a  zero_init3.o [4]
  .text              ro code   0x800'2648    0xa4  xlocale_c.o [2]
  .text              ro code   0x800'26ec    0x16  strchr.o [4]
  .text              ro code   0x800'2702    0x1e  xencoding_8859_1.o [2]
  .text              ro code   0x800'2720    0x40  xfail_s.o [2]
  .text              ro code   0x800'2760    0x36  strlen.o [4]
  .text              ro code   0x800'2796    0x12  stm32f10x_it.o [1]
  .text              ro code   0x800'27a8    0x58  memchr.o [4]
  .text              ro code   0x800'2800     0xa  xmbcurmax.o [2]
  .rodata            const     0x800'280a     0x1  main.o [1]
  .text              ro code   0x800'280c    0xa6  ABImemcpy.o [4]
  .text              ro code   0x800'28b4   0x230  I64DivMod.o [4]
  .text              ro code   0x800'2ae4   0x1a2  DblMul.o [3]
  .text              ro code   0x800'2c88    0x70  frexp.o [3]
  .text              ro code   0x800'2cf8    0x2e  DblCmpLe.o [3]
  .text              ro code   0x800'2d28    0x2e  DblCmpGe.o [3]
  .text              ro code   0x800'2d58   0x13a  ldexp.o [3]
  .text              ro code   0x800'2e94    0x3a  DblToS32.o [3]
  .text              ro code   0x800'2ed0    0x22  S32ToDbl.o [3]
  .text              ro code   0x800'2ef4    0xe2  DblSub.o [3]
  .text              ro code   0x800'2fd8   0x246  DblDiv.o [3]
  .text              ro code   0x800'3220    0x28  DblToU32.o [3]
  .text              ro code   0x800'3248    0x1a  U32ToDbl.o [3]
  .text              ro code   0x800'3264     0x2  I64DivZer.o [4]
  .text              ro code   0x800'3268   0x16a  DblAdd.o [3]
  .text              ro code   0x800'33d4   0x304  driver.o [1]
  .text              ro code   0x800'36d8   0x10c  stm32f10x_rcc.o [1]
  .text              ro code   0x800'37e4   0x104  stm32f10x_gpio.o [1]
  .text              ro code   0x800'38e8   0x260  stm32f10x_tim.o [1]
  .text              ro code   0x800'3b48    0xa8  misc.o [1]
  .text              ro code   0x800'3bf0    0x28  printf.o [2]
  .text              ro code   0x800'3c18   0x244  main.o [1]
  .text              ro code   0x800'3e5c    0x18  strcpy.o [4]
  .text              ro code   0x800'3e74     0x4  heaptramp0.o [2]
  .text              ro code   0x800'3e78   0x14c  iar_Stoulx.o [2]
  .text              ro code   0x800'3fc4    0x70  strncpy.o [4]
  .text              ro code   0x800'4034    0x28  strncmp.o [2]
  .text              ro code   0x800'405c   0x118  system_stm32f10x.o [1]
  .text              ro code   0x800'4174    0x38  delay.o [1]
  .text              ro code   0x800'41ac   0x13c  usart.o [1]
  .text              ro code   0x800'42e8    0x54  led.o [1]
  .text              ro code   0x800'433c    0x66  ABImemset.o [4]
  .text              ro code   0x800'43a2    0x14  isspace.o [2]
  .text              ro code   0x800'43b6    0x14  tolower.o [2]
  .text              ro code   0x800'43cc   0x1dc  stm32f10x_usart.o [1]
  .rodata            const     0x800'45a8    0x50  iar_Stoulx.o [2]
  .rodata            const     0x800'45f8    0x2c  driver.o [1]
  .text              ro code   0x800'4624    0x28  data_init.o [4]
  .iar.init_table    const     0x800'464c    0x20  - Linker created -
  .text              ro code   0x800'466c    0x1e  cmain.o [4]
  .text              ro code   0x800'468a     0x4  low_level_init.o [2]
  .text              ro code   0x800'468e     0x4  exit.o [2]
  .text              ro code   0x800'4694     0xa  cexit.o [4]
  .rodata            const     0x800'46a0    0x18  main.o [1]
  .text              ro code   0x800'46b8    0x16  xprout.o [2]
  .text              ro code   0x800'46d0     0xc  putchar.o [2]
  .rodata            const     0x800'46dc    0x14  driver.o [1]
  .text              ro code   0x800'46f0    0x10  startup_stm32f10x_hd.o [1]
  .text              ro code   0x800'4700     0xc  cstartup_M.o [4]
  .rodata            const     0x800'470c     0x8  main.o [1]
  .rodata            const     0x800'4714     0x8  main.o [1]
  .rodata            const     0x800'471c     0x8  main.o [1]
  .rodata            const     0x800'4724     0x8  main.o [1]
  .rodata            const     0x800'472c     0x6  xlocale_c.o [2]
  .rodata            const     0x800'4734     0x4  main.o [1]
  .rodata            const     0x800'4738     0x4  main.o [1]
  .text              ro code   0x800'473c     0x4  startup_stm32f10x_hd.o [1]
  .text              ro code   0x800'4740     0x4  startup_stm32f10x_hd.o [1]
  .text              ro code   0x800'4744     0x4  startup_stm32f10x_hd.o [1]
  .text              ro code   0x800'4748     0x4  startup_stm32f10x_hd.o [1]
  .text              ro code   0x800'474c     0x4  startup_stm32f10x_hd.o [1]
  .text              ro code   0x800'4750     0x4  startup_stm32f10x_hd.o [1]
  .text              ro code   0x800'4754     0x4  startup_stm32f10x_hd.o [1]
  .text              ro code   0x800'4758     0x4  startup_stm32f10x_hd.o [1]
  .text              ro code   0x800'475c     0x4  startup_stm32f10x_hd.o [1]
  .text              ro code   0x800'4760     0x4  startup_stm32f10x_hd.o [1]
  .text              ro code   0x800'4764     0x4  startup_stm32f10x_hd.o [1]
  .text              ro code   0x800'4768     0x4  startup_stm32f10x_hd.o [1]
  .text              ro code   0x800'476c     0x4  startup_stm32f10x_hd.o [1]
  .text              ro code   0x800'4770     0x4  startup_stm32f10x_hd.o [1]
  .text              ro code   0x800'4774     0x4  startup_stm32f10x_hd.o [1]
  .text              ro code   0x800'4778     0x4  startup_stm32f10x_hd.o [1]
  .text              ro code   0x800'477c     0x4  startup_stm32f10x_hd.o [1]
  .text              ro code   0x800'4780     0x4  startup_stm32f10x_hd.o [1]
  .text              ro code   0x800'4784     0x4  startup_stm32f10x_hd.o [1]
  .text              ro code   0x800'4788     0x4  startup_stm32f10x_hd.o [1]
  .text              ro code   0x800'478c     0x4  startup_stm32f10x_hd.o [1]
  .text              ro code   0x800'4790     0x4  startup_stm32f10x_hd.o [1]
  .text              ro code   0x800'4794     0x4  startup_stm32f10x_hd.o [1]
  .text              ro code   0x800'4798     0x4  startup_stm32f10x_hd.o [1]
  .text              ro code   0x800'479c     0x4  startup_stm32f10x_hd.o [1]
  .text              ro code   0x800'47a0     0x4  startup_stm32f10x_hd.o [1]
  .text              ro code   0x800'47a4     0x4  startup_stm32f10x_hd.o [1]
  .text              ro code   0x800'47a8     0x4  startup_stm32f10x_hd.o [1]
  .text              ro code   0x800'47ac     0x4  startup_stm32f10x_hd.o [1]
  .text              ro code   0x800'47b0     0x4  startup_stm32f10x_hd.o [1]
  .text              ro code   0x800'47b4     0x4  startup_stm32f10x_hd.o [1]
  .text              ro code   0x800'47b8     0x4  startup_stm32f10x_hd.o [1]
  .text              ro code   0x800'47bc     0x4  startup_stm32f10x_hd.o [1]
  .text              ro code   0x800'47c0     0x4  startup_stm32f10x_hd.o [1]
  .text              ro code   0x800'47c4     0x4  startup_stm32f10x_hd.o [1]
  .text              ro code   0x800'47c8     0x4  startup_stm32f10x_hd.o [1]
  .text              ro code   0x800'47cc     0x4  startup_stm32f10x_hd.o [1]
  .text              ro code   0x800'47d0     0x4  startup_stm32f10x_hd.o [1]
  .text              ro code   0x800'47d4     0x4  startup_stm32f10x_hd.o [1]
  .text              ro code   0x800'47d8     0x4  startup_stm32f10x_hd.o [1]
  .text              ro code   0x800'47dc     0x4  startup_stm32f10x_hd.o [1]
  .text              ro code   0x800'47e0     0x4  startup_stm32f10x_hd.o [1]
  .text              ro code   0x800'47e4     0x4  startup_stm32f10x_hd.o [1]
  .text              ro code   0x800'47e8     0x4  startup_stm32f10x_hd.o [1]
  .text              ro code   0x800'47ec     0x4  startup_stm32f10x_hd.o [1]
  .text              ro code   0x800'47f0     0x4  startup_stm32f10x_hd.o [1]
  .text              ro code   0x800'47f4     0x4  startup_stm32f10x_hd.o [1]
  .text              ro code   0x800'47f8     0x4  startup_stm32f10x_hd.o [1]
  .text              ro code   0x800'47fc     0x4  startup_stm32f10x_hd.o [1]
  .text              ro code   0x800'4800     0x4  startup_stm32f10x_hd.o [1]
  .text              ro code   0x800'4804     0x4  startup_stm32f10x_hd.o [1]
  .text              ro code   0x800'4808     0x4  startup_stm32f10x_hd.o [1]
  .text              ro code   0x800'480c     0x4  startup_stm32f10x_hd.o [1]
  .text              ro code   0x800'4810     0x4  startup_stm32f10x_hd.o [1]
  .text              ro code   0x800'4814     0x4  startup_stm32f10x_hd.o [1]
  .text              ro code   0x800'4818     0x4  startup_stm32f10x_hd.o [1]
  .text              ro code   0x800'481c     0x4  startup_stm32f10x_hd.o [1]
  .text              ro code   0x800'4820     0x4  startup_stm32f10x_hd.o [1]
  .rodata            const     0x800'4824     0x0  zero_init3.o [4]
  .rodata            const     0x800'4824     0x0  lz77_init_single.o [4]
  Initializer bytes  const     0x800'4824    0xa9  <for P2-1>
                             - 0x800'48cd  0x479d

"P2", part 1 of 3:                          0x1e6
  P2-1                        0x2000'0000   0x1e6  <Init block>
    .data            inited   0x2000'0000   0x104  main.o [1]
    .data            inited   0x2000'0104    0x10  stm32f10x_rcc.o [1]
    .data            inited   0x2000'0114     0x4  stm32f10x_rcc.o [1]
    .data            inited   0x2000'0118     0x4  system_stm32f10x.o [1]
    .data            inited   0x2000'011c    0x38  xlocale_c.o [2]
    .data            inited   0x2000'0154    0x48  xlocale_c.o [2]
    .data            inited   0x2000'019c    0x48  xfiles.o [2]
    .data            inited   0x2000'01e4     0x1  driver.o [1]
    .data            inited   0x2000'01e5     0x1  driver.o [1]
                            - 0x2000'01e6   0x1e6

"P2", part 2 of 3:                          0x324
  .bss               zero     0x2000'01e8   0x1d8  dlmalloc.o [2]
  .bss               zero     0x2000'03c0    0xc8  usart.o [1]
  .bss               zero     0x2000'0488    0x50  xfiles.o [2]
  .bss               zero     0x2000'04d8    0x18  dlmalloc.o [2]
  .bss               zero     0x2000'04f0     0x4  driver.o [1]
  .bss               zero     0x2000'04f4     0x4  driver.o [1]
  .bss               zero     0x2000'04f8     0x4  driver.o [1]
  .bss               zero     0x2000'04fc     0x4  xfail_s.o [2]
  .bss               zero     0x2000'0500     0x4  xgetmemchunk.o [2]
  .bss               zero     0x2000'0504     0x2  delay.o [1]
  .bss               zero     0x2000'0506     0x2  usart.o [1]
  .bss               zero     0x2000'0508     0x1  delay.o [1]
  .bss               zero     0x2000'0509     0x1  driver.o [1]
                            - 0x2000'050a   0x322

"P2", part 3 of 3:                         0x2000
  CSTACK                      0x2000'0510  0x1000  <Block>
    CSTACK           uninit   0x2000'0510  0x1000  <Block tail>
  HEAP                        0x2000'1510  0x1000  <Block>
    HEAP             uninit   0x2000'1510  0x1000  <Block tail>
                            - 0x2000'2510  0x2000

Unused ranges:

         From           To      Size
         ----           --      ----
   0x800'48cd   0x803'ffff  0x3'b733
  0x2000'01e6  0x2000'01e7       0x2
  0x2000'050c  0x2000'050f       0x4
  0x2000'2510  0x2000'bfff    0x9af0


*******************************************************************************
*** INIT TABLE
***

          Address      Size
          -------      ----
Zero (__iar_zero_init3)
    1 destination range, total size 0x322:
          0x2000'01e8  0x322

Copy/lz77 (__iar_lz77_init_single3)
    1 source range, total size 0xa9 (34% of destination):
           0x800'4824   0xa9
    1 destination range, total size 0x1e6:
          0x2000'0000  0x1e6



*******************************************************************************
*** MODULE SUMMARY
***

    Module                  ro code  ro data  rw data
    ------                  -------  -------  -------
command line/config:
    -------------------------------------------------
    Total:

C:\PRJ\IAR-Simple-For-F103-master\IAR-Simple-For-F103-master\STM32F103__IAR_Template\Project\Debug\Obj: [1]
    delay.o                      56                 3
    driver.o                    772       65       15
    led.o                        84
    main.o                      580      155      260
    misc.o                      168
    startup_stm32f10x_hd.o      552
    stm32f10x_gpio.o            260
    stm32f10x_it.o               18
    stm32f10x_rcc.o             268        7       20
    stm32f10x_tim.o             608
    stm32f10x_usart.o           476
    system_stm32f10x.o          280        1        4
    usart.o                     316               202
    -------------------------------------------------
    Total:                    4 438      228      504

dl7M_tlf.a: [2]
    abort.o                       6
    dlmalloc.o                5 344               496
    exit.o                        4
    heaptramp0.o                  4
    iar_Stoulx.o                332       80
    isspace.o                    20
    low_level_init.o              4
    printf.o                     40
    putchar.o                    12
    strncmp.o                    40
    tolower.o                    20
    xencoding_8859_1.o           30
    xfail_s.o                    64                 4
    xfiles.o                              25      152
    xgetmemchunk.o               44                 4
    xlocale_c.o                 164       51      128
    xmbcurmax.o                  10
    xprintffull.o             3 910
    xprout.o                     22
    -------------------------------------------------
    Total:                   10 070      156      784

m7M_tl.a: [3]
    DblAdd.o                    362
    DblCmpGe.o                   46
    DblCmpLe.o                   46
    DblDiv.o                    582
    DblMul.o                    418
    DblSub.o                    226
    DblToS32.o                   58
    DblToU32.o                   40
    S32ToDbl.o                   34
    U32ToDbl.o                   26
    frexp.o                     112
    ldexp.o                     314
    -------------------------------------------------
    Total:                    2 264

rt7M_tl.a: [4]
    ABImemcpy.o                 166
    ABImemset.o                 102
    I64DivMod.o                 560
    I64DivZer.o                   2
    XXexit.o                     12
    cexit.o                      10
    cmain.o                      30
    cstartup_M.o                 12
    data_init.o                  40
    lz77_init_single.o          122
    memchr.o                     88
    strchr.o                     22
    strcpy.o                     24
    strlen.o                     54
    strncpy.o                   112
    zero_init3.o                 58
    -------------------------------------------------
    Total:                    1 414

    Gaps                         31        4
    Linker created                        32    8 192
-----------------------------------------------------
    Grand Total:             18 217      420    9 480


*******************************************************************************
*** ENTRY LIST
***

Entry                       Address   Size  Type      Object
-----                       -------   ----  ----      ------
.iar.init_table$$Base    0x800'464c          --   Gb  - Linker created -
.iar.init_table$$Limit   0x800'466c          --   Gb  - Linker created -
?main                    0x800'466d         Code  Gb  cmain.o [4]
ADCPrescTable           0x2000'0114    0x4  Data  Lc  stm32f10x_rcc.o [1]
APBAHBPrescTable        0x2000'0104   0x10  Data  Lc  stm32f10x_rcc.o [1]
BusFault_Handler         0x800'279d    0x2  Code  Gb  stm32f10x_it.o [1]
CSTACK$$Base            0x2000'0510          --   Gb  - Linker created -
CSTACK$$Limit           0x2000'1510          --   Gb  - Linker created -
CacheMore                0x800'2679   0x24  Code  Lc  xlocale_c.o [2]
DebugMon_Handler         0x800'27a3    0x2  Code  Gb  stm32f10x_it.o [1]
Driver_Init              0x800'33d5   0x3a  Code  Gb  driver.o [1]
GPIO_Init                0x800'37e5   0xf4  Code  Gb  stm32f10x_gpio.o [1]
GPIO_ResetBits           0x800'38e1    0x8  Code  Gb  stm32f10x_gpio.o [1]
GPIO_SetBits             0x800'38d9    0x8  Code  Gb  stm32f10x_gpio.o [1]
HEAP$$Base              0x2000'1510          --   Gb  - Linker created -
HEAP$$Limit             0x2000'2510          --   Gb  - Linker created -
HardFault_Handler        0x800'2799    0x2  Code  Gb  stm32f10x_it.o [1]
LED_Init                 0x800'42e9   0x54  Code  Gb  led.o [1]
LoadInt                  0x800'188b   0x7a  Code  Lc  xprintffull.o [2]
Locate_Rle               0x800'361b   0x84  Code  Gb  driver.o [1]
MemManage_Handler        0x800'279b    0x2  Code  Gb  stm32f10x_it.o [1]
NMI_Handler              0x800'2797    0x2  Code  Gb  stm32f10x_it.o [1]
NVIC_Init                0x800'3b53   0x68  Code  Gb  misc.o [1]
NVIC_PriorityGroupConfig
                         0x800'3b49    0xa  Code  Gb  misc.o [1]
PendSV_Handler           0x800'27a5    0x2  Code  Gb  stm32f10x_it.o [1]
RCC_APB2PeriphClockCmd   0x800'37b1   0x1c  Code  Gb  stm32f10x_rcc.o [1]
RCC_GetClocksFreq        0x800'36d9   0xd8  Code  Gb  stm32f10x_rcc.o [1]
Region$$Table$$Base      0x800'464c          --   Gb  - Linker created -
Region$$Table$$Limit     0x800'466c          --   Gb  - Linker created -
SVC_Handler              0x800'27a1    0x2  Code  Gb  stm32f10x_it.o [1]
SetSysClock              0x800'40a1    0x8  Code  Lc  system_stm32f10x.o [1]
SetSysClockTo72          0x800'40a9   0xae  Code  Lc  system_stm32f10x.o [1]
SysTick_CLKSourceConfig
                         0x800'3bbb   0x1c  Code  Gb  misc.o [1]
SysTick_Handler          0x800'27a7    0x2  Code  Gb  stm32f10x_it.o [1]
SystemCoreClock         0x2000'0118    0x4  Data  Gb  system_stm32f10x.o [1]
SystemInit               0x800'405d   0x44  Code  Gb  system_stm32f10x.o [1]
TIM8_OPM_RCR_Init        0x800'340f   0xe6  Code  Gb  driver.o [1]
TIM8_Startup             0x800'35ad   0x36  Code  Gb  driver.o [1]
TIM8_Stop                0x800'35e3   0x20  Code  Gb  driver.o [1]
TIM8_UP_IRQHandler       0x800'34f5   0xb8  Code  Gb  driver.o [1]
TIM_ARRPreloadConfig     0x800'3a83   0x1e  Code  Gb  stm32f10x_tim.o [1]
TIM_ClearITPendingBit    0x800'3b21    0xa  Code  Gb  stm32f10x_tim.o [1]
TIM_Cmd                  0x800'3a25   0x1e  Code  Gb  stm32f10x_tim.o [1]
TIM_CtrlPWMOutputs       0x800'3a43   0x24  Code  Gb  stm32f10x_tim.o [1]
TIM_GenerateEvent        0x800'3a7f    0x4  Code  Gb  stm32f10x_tim.o [1]
TIM_GetITStatus          0x800'3af3   0x2e  Code  Gb  stm32f10x_tim.o [1]
TIM_ITConfig             0x800'3a67   0x18  Code  Gb  stm32f10x_tim.o [1]
TIM_OC2Init              0x800'3973   0x8a  Code  Gb  stm32f10x_tim.o [1]
TIM_OC2PreloadConfig     0x800'3aa1   0x16  Code  Gb  stm32f10x_tim.o [1]
TIM_SelectOnePulseMode   0x800'3ad5   0x12  Code  Gb  stm32f10x_tim.o [1]
TIM_SetAutoreload        0x800'3aeb    0x4  Code  Gb  stm32f10x_tim.o [1]
TIM_SetCompare2          0x800'3aef    0x4  Code  Gb  stm32f10x_tim.o [1]
TIM_SetCounter           0x800'3ae7    0x4  Code  Gb  stm32f10x_tim.o [1]
TIM_TimeBaseInit         0x800'38e9   0x8a  Code  Gb  stm32f10x_tim.o [1]
TIM_TimeBaseStructInit   0x800'3a0d   0x18  Code  Gb  stm32f10x_tim.o [1]
TIM_UpdateRequestConfig
                         0x800'3ab7   0x1e  Code  Gb  stm32f10x_tim.o [1]
USART1_IRQHandler        0x800'4263   0x6e  Code  Gb  usart.o [1]
USART_Cmd                0x800'44a9   0x1e  Code  Gb  stm32f10x_usart.o [1]
USART_GetITStatus        0x800'453f   0x6a  Code  Gb  stm32f10x_usart.o [1]
USART_ITConfig           0x800'44c7   0x70  Code  Gb  stm32f10x_usart.o [1]
USART_Init               0x800'43cd   0xd6  Code  Gb  stm32f10x_usart.o [1]
USART_RX_BUF            0x2000'03c0   0xc8  Data  Gb  usart.o [1]
USART_RX_STA            0x2000'0506    0x2  Data  Gb  usart.o [1]
USART_ReceiveData        0x800'4537    0x8  Code  Gb  stm32f10x_usart.o [1]
UsageFault_Handler       0x800'279f    0x2  Code  Gb  stm32f10x_it.o [1]
_Encoding_8859_1_Mbrlen
                         0x800'2715    0x2  Code  Gb  xencoding_8859_1.o [2]
_Encoding_8859_1_Wctomb
                         0x800'2703   0x12  Code  Gb  xencoding_8859_1.o [2]
_GenldFull               0x800'22e9  0x274  Code  Lc  xprintffull.o [2]
_LdtobFull               0x800'1ee5  0x3d6  Code  Lc  xprintffull.o [2]
_LitobFull               0x800'1d95  0x10a  Code  Lc  xprintffull.o [2]
_LocaleC_isspace         0x800'2655   0x14  Code  Gb  xlocale_c.o [2]
_LocaleC_isupper         0x800'2649    0x2  Code  Gb  xlocale_c.o [2]
_LocaleC_tolower         0x800'2669    0xc  Code  Gb  xlocale_c.o [2]
_Locale_lconv           0x2000'011c   0x38  Data  Lc  xlocale_c.o [2]
_PrintfFull              0x800'16c9  0x1aa  Code  Gb  xprintffull.o [2]
_Prout                   0x800'46b9   0x16  Code  Gb  xprout.o [2]
_PutcharsFull            0x800'255d   0x2e  Code  Lc  xprintffull.o [2]
_PutfldFull              0x800'1905  0x2d4  Code  Lc  xprintffull.o [2]
_PutstrFull              0x800'1ccf   0xc6  Code  Lc  xprintffull.o [2]
_PuttxtFull              0x800'1bd9   0xf6  Code  Lc  xprintffull.o [2]
__aeabi_cdcmple          0x800'2cf9         Code  Gb  DblCmpLe.o [3]
__aeabi_cdrcmple         0x800'2d29         Code  Gb  DblCmpGe.o [3]
__aeabi_d2iz             0x800'2e95         Code  Gb  DblToS32.o [3]
__aeabi_d2uiz            0x800'3221         Code  Gb  DblToU32.o [3]
__aeabi_ddiv             0x800'2fd9         Code  Gb  DblDiv.o [3]
__aeabi_dmul             0x800'2ae5         Code  Gb  DblMul.o [3]
__aeabi_dsub             0x800'2ef5         Code  Gb  DblSub.o [3]
__aeabi_i2d              0x800'2ed1         Code  Gb  S32ToDbl.o [3]
__aeabi_ldiv0            0x800'3265         Code  Gb  I64DivZer.o [4]
__aeabi_memcpy           0x800'280d         Code  Gb  ABImemcpy.o [4]
__aeabi_memcpy4          0x800'282d         Code  Gb  ABImemcpy.o [4]
__aeabi_memcpy8          0x800'282d         Code  Gb  ABImemcpy.o [4]
__aeabi_memset           0x800'433d         Code  Gb  ABImemset.o [4]
__aeabi_ui2d             0x800'3249         Code  Gb  U32ToDbl.o [3]
__aeabi_uldivmod         0x800'28b5         Code  Gb  I64DivMod.o [4]
__cmain                  0x800'466d         Code  Gb  cmain.o [4]
__data_GetMemChunk       0x800'1691   0x2c  Code  Gb  xgetmemchunk.o [2]
__data_GetMemChunk::start
                        0x2000'0500    0x4  Data  Lc  xgetmemchunk.o [2]
__exit                   0x800'16bd         Code  Gb  XXexit.o [4]
__iar_Fail_s             0x800'2721   0x1c  Code  Gb  xfail_s.o [2]
__iar_Mbcurmax           0x800'2801    0xa  Code  Gb  xmbcurmax.o [2]
__iar_Memchr             0x800'27a9         Code  Gb  memchr.o [4]
__iar_Memset             0x800'433d         Code  Gb  ABImemset.o [4]
__iar_Memset_word        0x800'4345         Code  Gb  ABImemset.o [4]
__iar_Stdout            0x2000'019c   0x48  Data  Gb  xfiles.o [2]
__iar_Stoulx             0x800'3e79  0x13a  Code  Gb  iar_Stoulx.o [2]
__iar_Strchr             0x800'26ed         Code  Gb  strchr.o [4]
__iar_dadd               0x800'2f05         Code  Gb  DblSub.o [3]
__iar_data_init3         0x800'4625   0x28  Code  Gb  data_init.o [4]
__iar_dlfree             0x800'110f  0x4f6  Code  Gb  dlmalloc.o [2]
__iar_dlmalloc           0x800'0e59  0x2b6  Code  Gb  dlmalloc.o [2]
__iar_dsub               0x800'3269         Code  Gb  DblAdd.o [3]
__iar_dsubStart          0x800'327b         Code  Gb  DblAdd.o [3]
__iar_frexp              0x800'2c95         Code  Gb  frexp.o [3]
__iar_frexp64            0x800'2c89         Code  Gb  frexp.o [3]
__iar_frexpl             0x800'2c95         Code  Gb  frexp.o [3]
__iar_globLocale        0x2000'0154   0x48  Data  Lc  xlocale_c.o [2]
__iar_global_Locale      0x800'2675    0x4  Code  Gb  xlocale_c.o [2]
__iar_ldexp64            0x800'2d59         Code  Gb  ldexp.o [3]
__iar_lz77_init_single3
                         0x800'1617   0x7a  Code  Gb  lz77_init_single.o [4]
__iar_program_start      0x800'4701         Code  Gb  cstartup_M.o [4]
__iar_scalbln64          0x800'2d59         Code  Gb  ldexp.o [3]
__iar_scalbn64           0x800'2d59         Code  Gb  ldexp.o [3]
__iar_zero_init3         0x800'260f   0x3a  Code  Gb  zero_init3.o [4]
__low_level_init         0x800'468b    0x4  Code  Gb  low_level_init.o [2]
__vector_table           0x800'0000         Data  Gb  startup_stm32f10x_hd.o [1]
_call_main               0x800'4679         Code  Gb  cmain.o [4]
_exit                    0x800'4695         Code  Gb  cexit.o [4]
_gLocale_mblen           0x800'26d9    0x4  Code  Gb  xlocale_c.o [2]
_gLocale_mblenInt        0x800'269d   0x2c  Code  Gb  xlocale_c.o [2]
_gLocale_wctomb          0x800'26dd    0x4  Code  Gb  xlocale_c.o [2]
_gLocale_wctombInt       0x800'26d5    0x4  Code  Gb  xlocale_c.o [2]
_gm_                    0x2000'01e8  0x1d8  Data  Lc  dlmalloc.o [2]
_main                    0x800'4687         Code  Gb  cmain.o [4]
abort                    0x800'1611    0x6  Code  Gb  abort.o [2]
add_segment              0x800'04f9  0x1f2  Code  Lc  dlmalloc.o [2]
atoi                     0x800'3fb9    0x2  Code  Gb  iar_Stoulx.o [2]
cb_cmd_para_split        0x800'3c19    0xc  Code  Lc  main.o [1]
cmdRegTempList          0x2000'0000  0x104  Data  Gb  main.o [1]
cmd_fwd_exec             0x800'3cb9   0x20  Code  Gb  main.o [1]
cmd_lock_exec            0x800'3d0f    0xc  Code  Gb  main.o [1]
cmd_rev_exec             0x800'3cd9   0x2a  Code  Gb  main.o [1]
cmd_stop_exec            0x800'3d03    0xc  Code  Gb  main.o [1]
cmd_unlock_exec          0x800'3d1b    0xc  Code  Gb  main.o [1]
current_pos             0x2000'04f8    0x4  Data  Gb  driver.o [1]
delay_init               0x800'4175   0x26  Code  Gb  delay.o [1]
digits                   0x800'45d0   0x28  Data  Lc  iar_Stoulx.o [2]
exit                     0x800'468f    0x4  Code  Gb  exit.o [2]
fac_ms                  0x2000'0504    0x2  Data  Lc  delay.o [1]
fac_us                  0x2000'0508    0x1  Data  Lc  delay.o [1]
fputc                    0x800'41ad   0x12  Code  Gb  usart.o [1]
free                     0x800'3e75    0x4  Code  Gb  heaptramp0.o [2]
frexp                    0x800'2c89         Code  Gb  frexp.o [3]
frexpl                   0x800'2c89         Code  Gb  frexp.o [3]
get_cmdstr_by_data_frame
                         0x800'3d27   0x36  Code  Lc  main.o [1]
init_mparams             0x800'014b   0x32  Code  Lc  dlmalloc.o [2]
init_top                 0x800'017d   0x36  Code  Lc  dlmalloc.o [2]
is_rcr_finish           0x2000'01e4    0x1  Data  Gb  driver.o [1]
isspace                  0x800'43a3   0x14  Code  Gb  isspace.o [2]
ldexp                    0x800'2d59         Code  Gb  ldexp.o [3]
ldexpl                   0x800'2d59         Code  Gb  ldexp.o [3]
localeconv               0x800'26e1    0x4  Code  Gb  xlocale_c.o [2]
main                     0x800'3ddd   0x68  Code  Gb  main.o [1]
memchr                   0x800'27a9         Code  Gb  memchr.o [4]
moto_lock                0x800'3603    0xc  Code  Gb  driver.o [1]
moto_unlock              0x800'360f    0xc  Code  Gb  driver.o [1]
motor_dir               0x2000'01e5    0x1  Data  Gb  driver.o [1]
mparams                 0x2000'04d8   0x18  Data  Lc  dlmalloc.o [2]
ndigs                    0x800'45a8   0x28  Data  Lc  iar_Stoulx.o [2]
obuf                    0x2000'0488   0x50  Data  Lc  xfiles.o [2]
prepend_alloc            0x800'01b3  0x346  Code  Lc  dlmalloc.o [2]
printf                   0x800'3bf1   0x28  Code  Gb  printf.o [2]
putchar                  0x800'46d1    0xc  Code  Gb  putchar.o [2]
rcr_integer             0x2000'04f0    0x4  Data  Gb  driver.o [1]
rcr_remainder           0x2000'0509    0x1  Data  Gb  driver.o [1]
scalbln                  0x800'2d59         Code  Gb  ldexp.o [3]
scalblnl                 0x800'2d59         Code  Gb  ldexp.o [3]
scalbn                   0x800'2d59         Code  Gb  ldexp.o [3]
scalbnl                  0x800'2d59         Code  Gb  ldexp.o [3]
scale                    0x800'1e9f   0x46  Code  Lc  xprintffull.o [2]
sec_hand                0x2000'04fc    0x4  Data  Lc  xfail_s.o [2]
segment_holding          0x800'0131   0x1a  Code  Lc  dlmalloc.o [2]
split_cmd_str            0x800'3c25   0x94  Code  Lc  main.o [1]
strchr                   0x800'26ed         Code  Gb  strchr.o [4]
strcpy                   0x800'3e5d         Code  Gb  strcpy.o [4]
strlen                   0x800'2761         Code  Gb  strlen.o [4]
strncmp                  0x800'4035   0x28  Code  Gb  strncmp.o [2]
strncpy                  0x800'3fc5         Code  Gb  strncpy.o [4]
sys_alloc                0x800'06f1  0x164  Code  Lc  dlmalloc.o [2]
sys_trim                 0x800'0855   0x64  Code  Lc  dlmalloc.o [2]
target_pos              0x2000'04f4    0x4  Data  Gb  driver.o [1]
tmalloc_large            0x800'08c5  0x386  Code  Lc  dlmalloc.o [2]
tmalloc_small            0x800'0c4b  0x200  Code  Lc  dlmalloc.o [2]
tolower                  0x800'43b7   0x14  Code  Gb  tolower.o [2]
uart_init                0x800'41bf   0xa4  Code  Gb  usart.o [1]
upper_protocol_parsing   0x800'3d5d   0x80  Code  Lc  main.o [1]


[1] = C:\PRJ\IAR-Simple-For-F103-master\IAR-Simple-For-F103-master\STM32F103__IAR_Template\Project\Debug\Obj
[2] = dl7M_tlf.a
[3] = m7M_tl.a
[4] = rt7M_tl.a

  18 217 bytes of readonly  code memory
     420 bytes of readonly  data memory
   9 480 bytes of readwrite data memory

Errors: none
Warnings: none
